[2022-03-31T14:45:48.023+0530][gc,heap] Heap region size: 1M
[2022-03-31T14:45:48.032+0530][gc     ] Using G1
[2022-03-31T14:45:48.032+0530][gc,heap,coops] Heap address: 0x00000000c0000000, size: 1024 MB, Compressed Oops mode: 32-bit
[2022-03-31T14:45:48.032+0530][gc,cds       ] Mark closed archive regions in map: [0x00000000fff00000, 0x00000000fff6aff8]
[2022-03-31T14:45:48.032+0530][gc,cds       ] Mark open archive regions in map: [0x00000000ffe00000, 0x00000000ffe46ff8]
[2022-03-31T14:45:48.961+0530][gc,start     ] GC(0) Pause Young (Normal) (G1 Evacuation Pause)
[2022-03-31T14:45:48.961+0530][gc,task      ] GC(0) Using 4 workers of 4 for evacuation
[2022-03-31T14:45:48.972+0530][gc,phases    ] GC(0)   Pre Evacuate Collection Set: 0.0ms
[2022-03-31T14:45:48.972+0530][gc,phases    ] GC(0)   Evacuate Collection Set: 9.8ms
[2022-03-31T14:45:48.972+0530][gc,phases    ] GC(0)   Post Evacuate Collection Set: 0.4ms
[2022-03-31T14:45:48.972+0530][gc,phases    ] GC(0)   Other: 0.3ms
[2022-03-31T14:45:48.972+0530][gc,heap      ] GC(0) Eden regions: 51->0(44)
[2022-03-31T14:45:48.972+0530][gc,heap      ] GC(0) Survivor regions: 0->7(7)
[2022-03-31T14:45:48.972+0530][gc,heap      ] GC(0) Old regions: 2->2
[2022-03-31T14:45:48.972+0530][gc,heap      ] GC(0) Humongous regions: 0->0
[2022-03-31T14:45:48.972+0530][gc,metaspace ] GC(0) Metaspace: 14883K->14883K(1062912K)
[2022-03-31T14:45:48.972+0530][gc           ] GC(0) Pause Young (Normal) (G1 Evacuation Pause) 51M->7M(1024M) 10.622ms
[2022-03-31T14:45:48.972+0530][gc,cpu       ] GC(0) User=0.01s Sys=0.02s Real=0.01s
[2022-03-31T14:45:49.328+0530][gc,start     ] GC(1) Pause Young (Concurrent Start) (Metadata GC Threshold)
[2022-03-31T14:45:49.328+0530][gc,task      ] GC(1) Using 4 workers of 4 for evacuation
[2022-03-31T14:45:49.343+0530][gc,phases    ] GC(1)   Pre Evacuate Collection Set: 0.0ms
[2022-03-31T14:45:49.343+0530][gc,phases    ] GC(1)   Evacuate Collection Set: 14.1ms
[2022-03-31T14:45:49.343+0530][gc,phases    ] GC(1)   Post Evacuate Collection Set: 0.4ms
[2022-03-31T14:45:49.343+0530][gc,phases    ] GC(1)   Other: 0.2ms
[2022-03-31T14:45:49.343+0530][gc,heap      ] GC(1) Eden regions: 24->0(50)
[2022-03-31T14:45:49.343+0530][gc,heap      ] GC(1) Survivor regions: 7->1(7)
[2022-03-31T14:45:49.343+0530][gc,heap      ] GC(1) Old regions: 2->9
[2022-03-31T14:45:49.343+0530][gc,heap      ] GC(1) Humongous regions: 0->0
[2022-03-31T14:45:49.343+0530][gc,metaspace ] GC(1) Metaspace: 20511K->20511K(1067008K)
[2022-03-31T14:45:49.343+0530][gc           ] GC(1) Pause Young (Concurrent Start) (Metadata GC Threshold) 30M->8M(1024M) 14.755ms
[2022-03-31T14:45:49.343+0530][gc,cpu       ] GC(1) User=0.05s Sys=0.00s Real=0.01s
[2022-03-31T14:45:49.343+0530][gc           ] GC(2) Concurrent Cycle
[2022-03-31T14:45:49.343+0530][gc,marking   ] GC(2) Concurrent Clear Claimed Marks
[2022-03-31T14:45:49.343+0530][gc,marking   ] GC(2) Concurrent Clear Claimed Marks 0.046ms
[2022-03-31T14:45:49.343+0530][gc,marking   ] GC(2) Concurrent Scan Root Regions
[2022-03-31T14:45:49.344+0530][gc,marking   ] GC(2) Concurrent Scan Root Regions 1.111ms
[2022-03-31T14:45:49.344+0530][gc,marking   ] GC(2) Concurrent Mark (1.340s)
[2022-03-31T14:45:49.344+0530][gc,marking   ] GC(2) Concurrent Mark From Roots
[2022-03-31T14:45:49.344+0530][gc,task      ] GC(2) Using 1 workers of 1 for marking
[2022-03-31T14:45:49.357+0530][gc,marking   ] GC(2) Concurrent Mark From Roots 13.390ms
[2022-03-31T14:45:49.357+0530][gc,marking   ] GC(2) Concurrent Preclean
[2022-03-31T14:45:49.358+0530][gc,marking   ] GC(2) Concurrent Preclean 0.112ms
[2022-03-31T14:45:49.358+0530][gc,marking   ] GC(2) Concurrent Mark (1.340s, 1.353s) 13.566ms
[2022-03-31T14:45:49.358+0530][gc,start     ] GC(2) Pause Remark
[2022-03-31T14:45:49.360+0530][gc,stringtable] GC(2) Cleaned string and symbol table, strings: 5168 processed, 0 removed, symbols: 50600 processed, 40 removed
[2022-03-31T14:45:49.361+0530][gc            ] GC(2) Pause Remark 9M->9M(1024M) 2.918ms
[2022-03-31T14:45:49.361+0530][gc,cpu        ] GC(2) User=0.01s Sys=0.00s Real=0.00s
[2022-03-31T14:45:49.361+0530][gc,marking    ] GC(2) Concurrent Rebuild Remembered Sets
[2022-03-31T14:45:49.367+0530][gc,marking    ] GC(2) Concurrent Rebuild Remembered Sets 6.055ms
[2022-03-31T14:45:49.367+0530][gc,start      ] GC(2) Pause Cleanup
[2022-03-31T14:45:49.367+0530][gc            ] GC(2) Pause Cleanup 9M->9M(1024M) 0.200ms
[2022-03-31T14:45:49.367+0530][gc,cpu        ] GC(2) User=0.00s Sys=0.00s Real=0.00s
[2022-03-31T14:45:49.367+0530][gc,marking    ] GC(2) Concurrent Cleanup for Next Mark
[2022-03-31T14:45:49.376+0530][gc,marking    ] GC(2) Concurrent Cleanup for Next Mark 8.853ms
[2022-03-31T14:45:49.376+0530][gc            ] GC(2) Concurrent Cycle 33.245ms
[2022-03-31T14:45:50.548+0530][gc,start      ] GC(3) Pause Young (Normal) (G1 Evacuation Pause)
[2022-03-31T14:45:50.548+0530][gc,task       ] GC(3) Using 4 workers of 4 for evacuation
[2022-03-31T14:45:50.553+0530][gc,phases     ] GC(3)   Pre Evacuate Collection Set: 0.0ms
[2022-03-31T14:45:50.553+0530][gc,phases     ] GC(3)   Evacuate Collection Set: 3.6ms
[2022-03-31T14:45:50.553+0530][gc,phases     ] GC(3)   Post Evacuate Collection Set: 0.4ms
[2022-03-31T14:45:50.553+0530][gc,phases     ] GC(3)   Other: 0.1ms
[2022-03-31T14:45:50.553+0530][gc,heap       ] GC(3) Eden regions: 50->0(48)
[2022-03-31T14:45:50.553+0530][gc,heap       ] GC(3) Survivor regions: 1->3(7)
[2022-03-31T14:45:50.553+0530][gc,heap       ] GC(3) Old regions: 9->9
[2022-03-31T14:45:50.553+0530][gc,heap       ] GC(3) Humongous regions: 129->129
[2022-03-31T14:45:50.553+0530][gc,metaspace  ] GC(3) Metaspace: 29361K->29361K(1075200K)
[2022-03-31T14:45:50.553+0530][gc            ] GC(3) Pause Young (Normal) (G1 Evacuation Pause) 187M->139M(1024M) 4.230ms
[2022-03-31T14:45:50.553+0530][gc,cpu        ] GC(3) User=0.02s Sys=0.00s Real=0.00s
[2022-03-31T14:45:50.947+0530][gc,start      ] GC(4) Pause Young (Concurrent Start) (Metadata GC Threshold)
[2022-03-31T14:45:50.947+0530][gc,task       ] GC(4) Using 4 workers of 4 for evacuation
[2022-03-31T14:45:50.955+0530][gc,phases     ] GC(4)   Pre Evacuate Collection Set: 0.1ms
[2022-03-31T14:45:50.955+0530][gc,phases     ] GC(4)   Evacuate Collection Set: 7.2ms
[2022-03-31T14:45:50.955+0530][gc,phases     ] GC(4)   Post Evacuate Collection Set: 0.4ms
[2022-03-31T14:45:50.955+0530][gc,phases     ] GC(4)   Other: 0.2ms
[2022-03-31T14:45:50.955+0530][gc,heap       ] GC(4) Eden regions: 32->0(44)
[2022-03-31T14:45:50.955+0530][gc,heap       ] GC(4) Survivor regions: 3->7(7)
[2022-03-31T14:45:50.955+0530][gc,heap       ] GC(4) Old regions: 9->9
[2022-03-31T14:45:50.955+0530][gc,heap       ] GC(4) Humongous regions: 129->129
[2022-03-31T14:45:50.955+0530][gc,metaspace  ] GC(4) Metaspace: 34640K->34640K(1081344K)
[2022-03-31T14:45:50.955+0530][gc            ] GC(4) Pause Young (Concurrent Start) (Metadata GC Threshold) 171M->142M(1024M) 7.884ms
[2022-03-31T14:45:50.955+0530][gc,cpu        ] GC(4) User=0.02s Sys=0.00s Real=0.01s
[2022-03-31T14:45:50.955+0530][gc            ] GC(5) Concurrent Cycle
[2022-03-31T14:45:50.955+0530][gc,marking    ] GC(5) Concurrent Clear Claimed Marks
[2022-03-31T14:45:50.955+0530][gc,marking    ] GC(5) Concurrent Clear Claimed Marks 0.121ms
[2022-03-31T14:45:50.955+0530][gc,marking    ] GC(5) Concurrent Scan Root Regions
[2022-03-31T14:45:50.959+0530][gc,marking    ] GC(5) Concurrent Scan Root Regions 4.327ms
[2022-03-31T14:45:50.959+0530][gc,marking    ] GC(5) Concurrent Mark (2.955s)
[2022-03-31T14:45:50.959+0530][gc,marking    ] GC(5) Concurrent Mark From Roots
[2022-03-31T14:45:50.959+0530][gc,task       ] GC(5) Using 1 workers of 1 for marking
[2022-03-31T14:45:50.972+0530][gc,marking    ] GC(5) Concurrent Mark From Roots 12.296ms
[2022-03-31T14:45:50.972+0530][gc,marking    ] GC(5) Concurrent Preclean
[2022-03-31T14:45:50.972+0530][gc,marking    ] GC(5) Concurrent Preclean 0.100ms
[2022-03-31T14:45:50.972+0530][gc,marking    ] GC(5) Concurrent Mark (2.955s, 2.967s) 12.453ms
[2022-03-31T14:45:50.972+0530][gc,start      ] GC(5) Pause Remark
[2022-03-31T14:45:50.975+0530][gc,stringtable] GC(5) Cleaned string and symbol table, strings: 11064 processed, 10 removed, symbols: 81715 processed, 18 removed
[2022-03-31T14:45:50.976+0530][gc            ] GC(5) Pause Remark 143M->143M(1024M) 3.804ms
[2022-03-31T14:45:50.976+0530][gc,cpu        ] GC(5) User=0.01s Sys=0.00s Real=0.01s
[2022-03-31T14:45:50.976+0530][gc,marking    ] GC(5) Concurrent Rebuild Remembered Sets
[2022-03-31T14:45:50.986+0530][gc,marking    ] GC(5) Concurrent Rebuild Remembered Sets 10.402ms
[2022-03-31T14:45:50.987+0530][gc,start      ] GC(5) Pause Cleanup
[2022-03-31T14:45:50.987+0530][gc            ] GC(5) Pause Cleanup 144M->144M(1024M) 0.261ms
[2022-03-31T14:45:50.987+0530][gc,cpu        ] GC(5) User=0.00s Sys=0.00s Real=0.01s
[2022-03-31T14:45:50.987+0530][gc,marking    ] GC(5) Concurrent Cleanup for Next Mark
[2022-03-31T14:45:51.004+0530][gc,marking    ] GC(5) Concurrent Cleanup for Next Mark 16.517ms
[2022-03-31T14:45:51.004+0530][gc            ] GC(5) Concurrent Cycle 49.043ms
[2022-03-31T14:46:20.382+0530][gc,start      ] GC(6) Pause Young (Normal) (G1 Evacuation Pause)
[2022-03-31T14:46:20.382+0530][gc,task       ] GC(6) Using 4 workers of 4 for evacuation
[2022-03-31T14:46:20.396+0530][gc,phases     ] GC(6)   Pre Evacuate Collection Set: 0.0ms
[2022-03-31T14:46:20.396+0530][gc,phases     ] GC(6)   Evacuate Collection Set: 13.3ms
[2022-03-31T14:46:20.396+0530][gc,phases     ] GC(6)   Post Evacuate Collection Set: 0.6ms
[2022-03-31T14:46:20.396+0530][gc,phases     ] GC(6)   Other: 0.2ms
[2022-03-31T14:46:20.396+0530][gc,heap       ] GC(6) Eden regions: 44->0(45)
[2022-03-31T14:46:20.396+0530][gc,heap       ] GC(6) Survivor regions: 7->6(7)
[2022-03-31T14:46:20.396+0530][gc,heap       ] GC(6) Old regions: 9->12
[2022-03-31T14:46:20.396+0530][gc,heap       ] GC(6) Humongous regions: 177->129
[2022-03-31T14:46:20.396+0530][gc,metaspace  ] GC(6) Metaspace: 42188K->42188K(1087488K)
[2022-03-31T14:46:20.396+0530][gc            ] GC(6) Pause Young (Normal) (G1 Evacuation Pause) 234M->144M(1024M) 14.244ms
[2022-03-31T14:46:20.396+0530][gc,cpu        ] GC(6) User=0.04s Sys=0.00s Real=0.02s
[2022-03-31T14:57:49.715+0530][gc,start      ] GC(7) Pause Young (Normal) (G1 Evacuation Pause)
[2022-03-31T14:57:49.715+0530][gc,task       ] GC(7) Using 4 workers of 4 for evacuation
[2022-03-31T14:57:49.740+0530][gc,mmu        ] GC(7) MMU target violated: 21.0ms (20.0ms/21.0ms)
[2022-03-31T14:57:49.740+0530][gc,phases     ] GC(7)   Pre Evacuate Collection Set: 0.1ms
[2022-03-31T14:57:49.740+0530][gc,phases     ] GC(7)   Evacuate Collection Set: 23.7ms
[2022-03-31T14:57:49.740+0530][gc,phases     ] GC(7)   Post Evacuate Collection Set: 1.1ms
[2022-03-31T14:57:49.740+0530][gc,phases     ] GC(7)   Other: 0.5ms
[2022-03-31T14:57:49.740+0530][gc,heap       ] GC(7) Eden regions: 45->0(46)
[2022-03-31T14:57:49.740+0530][gc,heap       ] GC(7) Survivor regions: 6->5(7)
[2022-03-31T14:57:49.740+0530][gc,heap       ] GC(7) Old regions: 12->15
[2022-03-31T14:57:49.740+0530][gc,heap       ] GC(7) Humongous regions: 129->129
[2022-03-31T14:57:49.740+0530][gc,metaspace  ] GC(7) Metaspace: 43902K->43902K(1089536K)
[2022-03-31T14:57:49.740+0530][gc            ] GC(7) Pause Young (Normal) (G1 Evacuation Pause) 189M->147M(1024M) 25.530ms
[2022-03-31T14:57:49.740+0530][gc,cpu        ] GC(7) User=0.09s Sys=0.01s Real=0.03s
[2022-03-31T15:11:35.633+0530][gc,start      ] GC(8) Pause Young (Normal) (G1 Evacuation Pause)
[2022-03-31T15:11:35.633+0530][gc,task       ] GC(8) Using 4 workers of 4 for evacuation
[2022-03-31T15:11:35.654+0530][gc,mmu        ] GC(8) MMU target violated: 20.8ms (20.0ms/21.0ms)
[2022-03-31T15:11:35.654+0530][gc,phases     ] GC(8)   Pre Evacuate Collection Set: 0.0ms
[2022-03-31T15:11:35.654+0530][gc,phases     ] GC(8)   Evacuate Collection Set: 19.4ms
[2022-03-31T15:11:35.654+0530][gc,phases     ] GC(8)   Post Evacuate Collection Set: 1.2ms
[2022-03-31T15:11:35.654+0530][gc,phases     ] GC(8)   Other: 0.6ms
[2022-03-31T15:11:35.654+0530][gc,heap       ] GC(8) Eden regions: 46->0(48)
[2022-03-31T15:11:35.654+0530][gc,heap       ] GC(8) Survivor regions: 5->3(7)
[2022-03-31T15:11:35.654+0530][gc,heap       ] GC(8) Old regions: 15->17
[2022-03-31T15:11:35.654+0530][gc,heap       ] GC(8) Humongous regions: 129->129
[2022-03-31T15:11:35.654+0530][gc,metaspace  ] GC(8) Metaspace: 44063K->44063K(1089536K)
[2022-03-31T15:11:35.654+0530][gc            ] GC(8) Pause Young (Normal) (G1 Evacuation Pause) 193M->146M(1024M) 21.423ms
[2022-03-31T15:11:35.654+0530][gc,cpu        ] GC(8) User=0.08s Sys=0.00s Real=0.02s
[2022-03-31T15:26:31.626+0530][gc,start      ] GC(9) Pause Young (Normal) (G1 Evacuation Pause)
[2022-03-31T15:26:31.626+0530][gc,task       ] GC(9) Using 4 workers of 4 for evacuation
[2022-03-31T15:26:31.633+0530][gc,phases     ] GC(9)   Pre Evacuate Collection Set: 0.0ms
[2022-03-31T15:26:31.633+0530][gc,phases     ] GC(9)   Evacuate Collection Set: 4.8ms
[2022-03-31T15:26:31.633+0530][gc,phases     ] GC(9)   Post Evacuate Collection Set: 2.2ms
[2022-03-31T15:26:31.633+0530][gc,phases     ] GC(9)   Other: 0.2ms
[2022-03-31T15:26:31.633+0530][gc,heap       ] GC(9) Eden regions: 48->0(48)
[2022-03-31T15:26:31.633+0530][gc,heap       ] GC(9) Survivor regions: 3->3(7)
[2022-03-31T15:26:31.633+0530][gc,heap       ] GC(9) Old regions: 17->17
[2022-03-31T15:26:31.633+0530][gc,heap       ] GC(9) Humongous regions: 129->129
[2022-03-31T15:26:31.633+0530][gc,metaspace  ] GC(9) Metaspace: 44178K->44178K(1089536K)
[2022-03-31T15:26:31.633+0530][gc            ] GC(9) Pause Young (Normal) (G1 Evacuation Pause) 194M->147M(1024M) 7.352ms
[2022-03-31T15:26:31.633+0530][gc,cpu        ] GC(9) User=0.02s Sys=0.00s Real=0.01s
[2022-03-31T15:44:51.699+0530][gc,start      ] GC(10) Pause Young (Normal) (G1 Evacuation Pause)
[2022-03-31T15:44:51.699+0530][gc,task       ] GC(10) Using 4 workers of 4 for evacuation
[2022-03-31T15:44:51.708+0530][gc,phases     ] GC(10)   Pre Evacuate Collection Set: 0.1ms
[2022-03-31T15:44:51.708+0530][gc,phases     ] GC(10)   Evacuate Collection Set: 8.2ms
[2022-03-31T15:44:51.708+0530][gc,phases     ] GC(10)   Post Evacuate Collection Set: 0.5ms
[2022-03-31T15:44:51.708+0530][gc,phases     ] GC(10)   Other: 0.6ms
[2022-03-31T15:44:51.708+0530][gc,heap       ] GC(10) Eden regions: 48->0(48)
[2022-03-31T15:44:51.708+0530][gc,heap       ] GC(10) Survivor regions: 3->3(7)
[2022-03-31T15:44:51.708+0530][gc,heap       ] GC(10) Old regions: 17->17
[2022-03-31T15:44:51.708+0530][gc,heap       ] GC(10) Humongous regions: 129->129
[2022-03-31T15:44:51.708+0530][gc,metaspace  ] GC(10) Metaspace: 44266K->44266K(1089536K)
[2022-03-31T15:44:51.708+0530][gc            ] GC(10) Pause Young (Normal) (G1 Evacuation Pause) 195M->147M(1024M) 9.271ms
[2022-03-31T15:44:51.708+0530][gc,cpu        ] GC(10) User=0.03s Sys=0.01s Real=0.01s
[2022-03-31T16:21:41.699+0530][gc,start      ] GC(11) Pause Young (Normal) (G1 Evacuation Pause)
[2022-03-31T16:21:41.699+0530][gc,task       ] GC(11) Using 4 workers of 4 for evacuation
[2022-03-31T16:21:41.706+0530][gc,phases     ] GC(11)   Pre Evacuate Collection Set: 0.0ms
[2022-03-31T16:21:41.706+0530][gc,phases     ] GC(11)   Evacuate Collection Set: 7.1ms
[2022-03-31T16:21:41.706+0530][gc,phases     ] GC(11)   Post Evacuate Collection Set: 0.4ms
[2022-03-31T16:21:41.706+0530][gc,phases     ] GC(11)   Other: 0.3ms
[2022-03-31T16:21:41.706+0530][gc,heap       ] GC(11) Eden regions: 48->0(48)
[2022-03-31T16:21:41.706+0530][gc,heap       ] GC(11) Survivor regions: 3->3(7)
[2022-03-31T16:21:41.706+0530][gc,heap       ] GC(11) Old regions: 17->17
[2022-03-31T16:21:41.706+0530][gc,heap       ] GC(11) Humongous regions: 129->129
[2022-03-31T16:21:41.706+0530][gc,metaspace  ] GC(11) Metaspace: 44354K->44354K(1089536K)
[2022-03-31T16:21:41.706+0530][gc            ] GC(11) Pause Young (Normal) (G1 Evacuation Pause) 195M->147M(1024M) 7.827ms
[2022-03-31T16:21:41.706+0530][gc,cpu        ] GC(11) User=0.03s Sys=0.00s Real=0.00s
[2022-04-01T12:07:19.062+0530][gc,start      ] GC(12) Pause Young (Normal) (G1 Evacuation Pause)
[2022-04-01T12:07:19.062+0530][gc,task       ] GC(12) Using 4 workers of 4 for evacuation
[2022-04-01T12:07:19.086+0530][gc,mmu        ] GC(12) MMU target violated: 21.0ms (20.0ms/21.0ms)
[2022-04-01T12:07:19.086+0530][gc,phases     ] GC(12)   Pre Evacuate Collection Set: 0.0ms
[2022-04-01T12:07:19.086+0530][gc,phases     ] GC(12)   Evacuate Collection Set: 22.3ms
[2022-04-01T12:07:19.086+0530][gc,phases     ] GC(12)   Post Evacuate Collection Set: 1.6ms
[2022-04-01T12:07:19.086+0530][gc,phases     ] GC(12)   Other: 0.3ms
[2022-04-01T12:07:19.086+0530][gc,heap       ] GC(12) Eden regions: 48->0(48)
[2022-04-01T12:07:19.086+0530][gc,heap       ] GC(12) Survivor regions: 3->3(7)
[2022-04-01T12:07:19.086+0530][gc,heap       ] GC(12) Old regions: 17->17
[2022-04-01T12:07:19.086+0530][gc,heap       ] GC(12) Humongous regions: 129->129
[2022-04-01T12:07:19.086+0530][gc,metaspace  ] GC(12) Metaspace: 44393K->44393K(1089536K)
[2022-04-01T12:07:19.086+0530][gc            ] GC(12) Pause Young (Normal) (G1 Evacuation Pause) 195M->147M(1024M) 24.367ms
[2022-04-01T12:07:19.086+0530][gc,cpu        ] GC(12) User=0.03s Sys=0.00s Real=0.03s
