[2022-03-30T14:06:50.263+0530][gc,heap] Heap region size: 1M
[2022-03-30T14:06:50.274+0530][gc     ] Using G1
[2022-03-30T14:06:50.274+0530][gc,heap,coops] Heap address: 0x00000000c0000000, size: 1024 MB, Compressed Oops mode: 32-bit
[2022-03-30T14:06:50.274+0530][gc,cds       ] Mark closed archive regions in map: [0x00000000fff00000, 0x00000000fff6aff8]
[2022-03-30T14:06:50.274+0530][gc,cds       ] Mark open archive regions in map: [0x00000000ffe00000, 0x00000000ffe46ff8]
[2022-03-30T14:06:51.328+0530][gc,start     ] GC(0) Pause Young (Normal) (G1 Evacuation Pause)
[2022-03-30T14:06:51.328+0530][gc,task      ] GC(0) Using 4 workers of 4 for evacuation
[2022-03-30T14:06:51.340+0530][gc,phases    ] GC(0)   Pre Evacuate Collection Set: 0.0ms
[2022-03-30T14:06:51.340+0530][gc,phases    ] GC(0)   Evacuate Collection Set: 10.7ms
[2022-03-30T14:06:51.340+0530][gc,phases    ] GC(0)   Post Evacuate Collection Set: 0.4ms
[2022-03-30T14:06:51.340+0530][gc,phases    ] GC(0)   Other: 0.4ms
[2022-03-30T14:06:51.340+0530][gc,heap      ] GC(0) Eden regions: 51->0(44)
[2022-03-30T14:06:51.340+0530][gc,heap      ] GC(0) Survivor regions: 0->7(7)
[2022-03-30T14:06:51.340+0530][gc,heap      ] GC(0) Old regions: 2->2
[2022-03-30T14:06:51.340+0530][gc,heap      ] GC(0) Humongous regions: 0->0
[2022-03-30T14:06:51.340+0530][gc,metaspace ] GC(0) Metaspace: 14864K->14864K(1062912K)
[2022-03-30T14:06:51.340+0530][gc           ] GC(0) Pause Young (Normal) (G1 Evacuation Pause) 51M->7M(1024M) 11.584ms
[2022-03-30T14:06:51.340+0530][gc,cpu       ] GC(0) User=0.04s Sys=0.00s Real=0.01s
[2022-03-30T14:06:51.726+0530][gc,start     ] GC(1) Pause Young (Concurrent Start) (Metadata GC Threshold)
[2022-03-30T14:06:51.726+0530][gc,task      ] GC(1) Using 4 workers of 4 for evacuation
[2022-03-30T14:06:51.740+0530][gc,phases    ] GC(1)   Pre Evacuate Collection Set: 0.1ms
[2022-03-30T14:06:51.740+0530][gc,phases    ] GC(1)   Evacuate Collection Set: 12.8ms
[2022-03-30T14:06:51.740+0530][gc,phases    ] GC(1)   Post Evacuate Collection Set: 0.3ms
[2022-03-30T14:06:51.740+0530][gc,phases    ] GC(1)   Other: 0.3ms
[2022-03-30T14:06:51.740+0530][gc,heap      ] GC(1) Eden regions: 23->0(49)
[2022-03-30T14:06:51.740+0530][gc,heap      ] GC(1) Survivor regions: 7->2(7)
[2022-03-30T14:06:51.740+0530][gc,heap      ] GC(1) Old regions: 2->9
[2022-03-30T14:06:51.740+0530][gc,heap      ] GC(1) Humongous regions: 0->0
[2022-03-30T14:06:51.740+0530][gc,metaspace ] GC(1) Metaspace: 20490K->20490K(1067008K)
[2022-03-30T14:06:51.740+0530][gc           ] GC(1) Pause Young (Concurrent Start) (Metadata GC Threshold) 30M->8M(1024M) 13.564ms
[2022-03-30T14:06:51.740+0530][gc,cpu       ] GC(1) User=0.03s Sys=0.01s Real=0.01s
[2022-03-30T14:06:51.740+0530][gc           ] GC(2) Concurrent Cycle
[2022-03-30T14:06:51.740+0530][gc,marking   ] GC(2) Concurrent Clear Claimed Marks
[2022-03-30T14:06:51.740+0530][gc,marking   ] GC(2) Concurrent Clear Claimed Marks 0.046ms
[2022-03-30T14:06:51.740+0530][gc,marking   ] GC(2) Concurrent Scan Root Regions
[2022-03-30T14:06:51.741+0530][gc,marking   ] GC(2) Concurrent Scan Root Regions 1.054ms
[2022-03-30T14:06:51.741+0530][gc,marking   ] GC(2) Concurrent Mark (1.500s)
[2022-03-30T14:06:51.741+0530][gc,marking   ] GC(2) Concurrent Mark From Roots
[2022-03-30T14:06:51.741+0530][gc,task      ] GC(2) Using 1 workers of 1 for marking
[2022-03-30T14:06:51.751+0530][gc,marking   ] GC(2) Concurrent Mark From Roots 10.184ms
[2022-03-30T14:06:51.751+0530][gc,marking   ] GC(2) Concurrent Preclean
[2022-03-30T14:06:51.751+0530][gc,marking   ] GC(2) Concurrent Preclean 0.111ms
[2022-03-30T14:06:51.751+0530][gc,marking   ] GC(2) Concurrent Mark (1.500s, 1.510s) 10.352ms
[2022-03-30T14:06:51.751+0530][gc,start     ] GC(2) Pause Remark
[2022-03-30T14:06:51.757+0530][gc,stringtable] GC(2) Cleaned string and symbol table, strings: 5159 processed, 0 removed, symbols: 50516 processed, 40 removed
[2022-03-30T14:06:51.757+0530][gc            ] GC(2) Pause Remark 8M->8M(1024M) 5.454ms
[2022-03-30T14:06:51.757+0530][gc,cpu        ] GC(2) User=0.01s Sys=0.00s Real=0.00s
[2022-03-30T14:06:51.757+0530][gc,marking    ] GC(2) Concurrent Rebuild Remembered Sets
[2022-03-30T14:06:51.763+0530][gc,marking    ] GC(2) Concurrent Rebuild Remembered Sets 5.719ms
[2022-03-30T14:06:51.763+0530][gc,start      ] GC(2) Pause Cleanup
[2022-03-30T14:06:51.763+0530][gc            ] GC(2) Pause Cleanup 9M->9M(1024M) 0.290ms
[2022-03-30T14:06:51.763+0530][gc,cpu        ] GC(2) User=0.00s Sys=0.00s Real=0.00s
[2022-03-30T14:06:51.763+0530][gc,marking    ] GC(2) Concurrent Cleanup for Next Mark
[2022-03-30T14:06:51.775+0530][gc,marking    ] GC(2) Concurrent Cleanup for Next Mark 11.792ms
[2022-03-30T14:06:51.775+0530][gc            ] GC(2) Concurrent Cycle 35.186ms
[2022-03-30T14:06:52.548+0530][gc,start      ] GC(3) Pause Young (Normal) (G1 Evacuation Pause)
[2022-03-30T14:06:52.548+0530][gc,task       ] GC(3) Using 4 workers of 4 for evacuation
[2022-03-30T14:06:52.556+0530][gc,phases     ] GC(3)   Pre Evacuate Collection Set: 0.0ms
[2022-03-30T14:06:52.556+0530][gc,phases     ] GC(3)   Evacuate Collection Set: 7.4ms
[2022-03-30T14:06:52.556+0530][gc,phases     ] GC(3)   Post Evacuate Collection Set: 0.4ms
[2022-03-30T14:06:52.556+0530][gc,phases     ] GC(3)   Other: 0.2ms
[2022-03-30T14:06:52.556+0530][gc,heap       ] GC(3) Eden regions: 49->0(46)
[2022-03-30T14:06:52.556+0530][gc,heap       ] GC(3) Survivor regions: 2->5(7)
[2022-03-30T14:06:52.556+0530][gc,heap       ] GC(3) Old regions: 9->9
[2022-03-30T14:06:52.556+0530][gc,heap       ] GC(3) Humongous regions: 129->129
[2022-03-30T14:06:52.556+0530][gc,metaspace  ] GC(3) Metaspace: 29044K->29044K(1075200K)
[2022-03-30T14:06:52.556+0530][gc            ] GC(3) Pause Young (Normal) (G1 Evacuation Pause) 186M->140M(1024M) 8.061ms
[2022-03-30T14:06:52.556+0530][gc,cpu        ] GC(3) User=0.02s Sys=0.00s Real=0.01s
[2022-03-30T14:06:53.027+0530][gc,start      ] GC(4) Pause Young (Concurrent Start) (Metadata GC Threshold)
[2022-03-30T14:06:53.027+0530][gc,task       ] GC(4) Using 4 workers of 4 for evacuation
[2022-03-30T14:06:53.039+0530][gc,phases     ] GC(4)   Pre Evacuate Collection Set: 0.1ms
[2022-03-30T14:06:53.039+0530][gc,phases     ] GC(4)   Evacuate Collection Set: 10.8ms
[2022-03-30T14:06:53.039+0530][gc,phases     ] GC(4)   Post Evacuate Collection Set: 0.5ms
[2022-03-30T14:06:53.039+0530][gc,phases     ] GC(4)   Other: 0.3ms
[2022-03-30T14:06:53.039+0530][gc,heap       ] GC(4) Eden regions: 28->0(45)
[2022-03-30T14:06:53.039+0530][gc,heap       ] GC(4) Survivor regions: 5->6(7)
[2022-03-30T14:06:53.039+0530][gc,heap       ] GC(4) Old regions: 9->10
[2022-03-30T14:06:53.039+0530][gc,heap       ] GC(4) Humongous regions: 129->129
[2022-03-30T14:06:53.039+0530][gc,metaspace  ] GC(4) Metaspace: 34634K->34634K(1081344K)
[2022-03-30T14:06:53.039+0530][gc            ] GC(4) Pause Young (Concurrent Start) (Metadata GC Threshold) 167M->142M(1024M) 11.806ms
[2022-03-30T14:06:53.039+0530][gc,cpu        ] GC(4) User=0.03s Sys=0.00s Real=0.01s
[2022-03-30T14:06:53.039+0530][gc            ] GC(5) Concurrent Cycle
[2022-03-30T14:06:53.039+0530][gc,marking    ] GC(5) Concurrent Clear Claimed Marks
[2022-03-30T14:06:53.039+0530][gc,marking    ] GC(5) Concurrent Clear Claimed Marks 0.113ms
[2022-03-30T14:06:53.039+0530][gc,marking    ] GC(5) Concurrent Scan Root Regions
[2022-03-30T14:06:53.044+0530][gc,marking    ] GC(5) Concurrent Scan Root Regions 5.288ms
[2022-03-30T14:06:53.044+0530][gc,marking    ] GC(5) Concurrent Mark (2.803s)
[2022-03-30T14:06:53.044+0530][gc,marking    ] GC(5) Concurrent Mark From Roots
[2022-03-30T14:06:53.044+0530][gc,task       ] GC(5) Using 1 workers of 1 for marking
[2022-03-30T14:06:53.084+0530][gc,marking    ] GC(5) Concurrent Mark From Roots 39.791ms
[2022-03-30T14:06:53.084+0530][gc,marking    ] GC(5) Concurrent Preclean
[2022-03-30T14:06:53.084+0530][gc,marking    ] GC(5) Concurrent Preclean 0.101ms
[2022-03-30T14:06:53.084+0530][gc,marking    ] GC(5) Concurrent Mark (2.803s, 2.843s) 39.960ms
[2022-03-30T14:06:53.084+0530][gc,start      ] GC(5) Pause Remark
[2022-03-30T14:06:53.097+0530][gc,stringtable] GC(5) Cleaned string and symbol table, strings: 10912 processed, 10 removed, symbols: 84344 processed, 18 removed
[2022-03-30T14:06:53.097+0530][gc            ] GC(5) Pause Remark 145M->145M(1024M) 12.839ms
[2022-03-30T14:06:53.097+0530][gc,cpu        ] GC(5) User=0.03s Sys=0.00s Real=0.01s
[2022-03-30T14:06:53.097+0530][gc,marking    ] GC(5) Concurrent Rebuild Remembered Sets
[2022-03-30T14:06:53.115+0530][gc,marking    ] GC(5) Concurrent Rebuild Remembered Sets 17.863ms
[2022-03-30T14:06:53.115+0530][gc,start      ] GC(5) Pause Cleanup
[2022-03-30T14:06:53.116+0530][gc            ] GC(5) Pause Cleanup 145M->145M(1024M) 0.185ms
[2022-03-30T14:06:53.116+0530][gc,cpu        ] GC(5) User=0.00s Sys=0.00s Real=0.00s
[2022-03-30T14:06:53.116+0530][gc,marking    ] GC(5) Concurrent Cleanup for Next Mark
[2022-03-30T14:06:53.126+0530][gc,marking    ] GC(5) Concurrent Cleanup for Next Mark 10.222ms
[2022-03-30T14:06:53.126+0530][gc            ] GC(5) Concurrent Cycle 87.196ms
[2022-03-30T14:28:58.289+0530][gc,start      ] GC(6) Pause Young (Normal) (G1 Evacuation Pause)
[2022-03-30T14:28:58.289+0530][gc,task       ] GC(6) Using 4 workers of 4 for evacuation
[2022-03-30T14:28:58.316+0530][gc,mmu        ] GC(6) MMU target violated: 21.0ms (20.0ms/21.0ms)
[2022-03-30T14:28:58.316+0530][gc,phases     ] GC(6)   Pre Evacuate Collection Set: 0.1ms
[2022-03-30T14:28:58.316+0530][gc,phases     ] GC(6)   Evacuate Collection Set: 25.1ms
[2022-03-30T14:28:58.316+0530][gc,phases     ] GC(6)   Post Evacuate Collection Set: 0.8ms
[2022-03-30T14:28:58.316+0530][gc,phases     ] GC(6)   Other: 0.6ms
[2022-03-30T14:28:58.316+0530][gc,heap       ] GC(6) Eden regions: 45->0(47)
[2022-03-30T14:28:58.316+0530][gc,heap       ] GC(6) Survivor regions: 6->4(7)
[2022-03-30T14:28:58.316+0530][gc,heap       ] GC(6) Old regions: 10->13
[2022-03-30T14:28:58.316+0530][gc,heap       ] GC(6) Humongous regions: 129->129
[2022-03-30T14:28:58.316+0530][gc,metaspace  ] GC(6) Metaspace: 40074K->40074K(1085440K)
[2022-03-30T14:28:58.316+0530][gc            ] GC(6) Pause Young (Normal) (G1 Evacuation Pause) 187M->144M(1024M) 26.515ms
[2022-03-30T14:28:58.316+0530][gc,cpu        ] GC(6) User=0.10s Sys=0.00s Real=0.03s
[2022-03-30T14:37:00.272+0530][gc,start      ] GC(7) Pause Young (Normal) (G1 Evacuation Pause)
[2022-03-30T14:37:00.272+0530][gc,task       ] GC(7) Using 4 workers of 4 for evacuation
[2022-03-30T14:37:00.302+0530][gc,mmu        ] GC(7) MMU target violated: 21.0ms (20.0ms/21.0ms)
[2022-03-30T14:37:00.303+0530][gc,phases     ] GC(7)   Pre Evacuate Collection Set: 0.1ms
[2022-03-30T14:37:00.303+0530][gc,phases     ] GC(7)   Evacuate Collection Set: 29.0ms
[2022-03-30T14:37:00.303+0530][gc,phases     ] GC(7)   Post Evacuate Collection Set: 1.4ms
[2022-03-30T14:37:00.303+0530][gc,phases     ] GC(7)   Other: 0.6ms
[2022-03-30T14:37:00.303+0530][gc,heap       ] GC(7) Eden regions: 47->0(46)
[2022-03-30T14:37:00.303+0530][gc,heap       ] GC(7) Survivor regions: 4->5(7)
[2022-03-30T14:37:00.303+0530][gc,heap       ] GC(7) Old regions: 13->15
[2022-03-30T14:37:00.303+0530][gc,heap       ] GC(7) Humongous regions: 129->129
[2022-03-30T14:37:00.303+0530][gc,metaspace  ] GC(7) Metaspace: 44026K->44026K(1089536K)
[2022-03-30T14:37:00.303+0530][gc            ] GC(7) Pause Young (Normal) (G1 Evacuation Pause) 191M->147M(1024M) 31.211ms
[2022-03-30T14:37:00.303+0530][gc,cpu        ] GC(7) User=0.11s Sys=0.01s Real=0.03s
[2022-03-30T14:50:47.824+0530][gc,start      ] GC(8) Pause Young (Normal) (G1 Evacuation Pause)
[2022-03-30T14:50:47.825+0530][gc,task       ] GC(8) Using 4 workers of 4 for evacuation
[2022-03-30T14:50:47.836+0530][gc,phases     ] GC(8)   Pre Evacuate Collection Set: 0.0ms
[2022-03-30T14:50:47.836+0530][gc,phases     ] GC(8)   Evacuate Collection Set: 10.4ms
[2022-03-30T14:50:47.836+0530][gc,phases     ] GC(8)   Post Evacuate Collection Set: 0.5ms
[2022-03-30T14:50:47.836+0530][gc,phases     ] GC(8)   Other: 0.5ms
[2022-03-30T14:50:47.836+0530][gc,heap       ] GC(8) Eden regions: 46->0(47)
[2022-03-30T14:50:47.836+0530][gc,heap       ] GC(8) Survivor regions: 5->4(7)
[2022-03-30T14:50:47.836+0530][gc,heap       ] GC(8) Old regions: 15->17
[2022-03-30T14:50:47.836+0530][gc,heap       ] GC(8) Humongous regions: 129->129
[2022-03-30T14:50:47.836+0530][gc,metaspace  ] GC(8) Metaspace: 44202K->44202K(1089536K)
[2022-03-30T14:50:47.836+0530][gc            ] GC(8) Pause Young (Normal) (G1 Evacuation Pause) 193M->147M(1024M) 11.448ms
[2022-03-30T14:50:47.836+0530][gc,cpu        ] GC(8) User=0.04s Sys=0.00s Real=0.01s
[2022-03-30T15:06:05.940+0530][gc,start      ] GC(9) Pause Young (Normal) (G1 Evacuation Pause)
[2022-03-30T15:06:05.940+0530][gc,task       ] GC(9) Using 4 workers of 4 for evacuation
[2022-03-30T15:06:05.948+0530][gc,phases     ] GC(9)   Pre Evacuate Collection Set: 0.1ms
[2022-03-30T15:06:05.948+0530][gc,phases     ] GC(9)   Evacuate Collection Set: 7.3ms
[2022-03-30T15:06:05.948+0530][gc,phases     ] GC(9)   Post Evacuate Collection Set: 0.5ms
[2022-03-30T15:06:05.948+0530][gc,phases     ] GC(9)   Other: 0.5ms
[2022-03-30T15:06:05.948+0530][gc,heap       ] GC(9) Eden regions: 47->0(47)
[2022-03-30T15:06:05.948+0530][gc,heap       ] GC(9) Survivor regions: 4->4(7)
[2022-03-30T15:06:05.948+0530][gc,heap       ] GC(9) Old regions: 17->17
[2022-03-30T15:06:05.948+0530][gc,heap       ] GC(9) Humongous regions: 129->129
[2022-03-30T15:06:05.948+0530][gc,metaspace  ] GC(9) Metaspace: 44297K->44297K(1089536K)
[2022-03-30T15:06:05.948+0530][gc            ] GC(9) Pause Young (Normal) (G1 Evacuation Pause) 194M->147M(1024M) 8.416ms
[2022-03-30T15:06:05.948+0530][gc,cpu        ] GC(9) User=0.03s Sys=0.00s Real=0.01s
[2022-03-30T15:21:08.826+0530][gc,start      ] GC(10) Pause Young (Normal) (G1 Evacuation Pause)
[2022-03-30T15:21:08.826+0530][gc,task       ] GC(10) Using 4 workers of 4 for evacuation
[2022-03-30T15:21:08.836+0530][gc,phases     ] GC(10)   Pre Evacuate Collection Set: 0.1ms
[2022-03-30T15:21:08.836+0530][gc,phases     ] GC(10)   Evacuate Collection Set: 8.4ms
[2022-03-30T15:21:08.836+0530][gc,phases     ] GC(10)   Post Evacuate Collection Set: 0.5ms
[2022-03-30T15:21:08.836+0530][gc,phases     ] GC(10)   Other: 0.6ms
[2022-03-30T15:21:08.836+0530][gc,heap       ] GC(10) Eden regions: 47->0(47)
[2022-03-30T15:21:08.836+0530][gc,heap       ] GC(10) Survivor regions: 4->4(7)
[2022-03-30T15:21:08.836+0530][gc,heap       ] GC(10) Old regions: 17->17
[2022-03-30T15:21:08.836+0530][gc,heap       ] GC(10) Humongous regions: 129->129
[2022-03-30T15:21:08.836+0530][gc,metaspace  ] GC(10) Metaspace: 44372K->44372K(1089536K)
[2022-03-30T15:21:08.836+0530][gc            ] GC(10) Pause Young (Normal) (G1 Evacuation Pause) 194M->147M(1024M) 9.550ms
[2022-03-30T15:21:08.836+0530][gc,cpu        ] GC(10) User=0.03s Sys=0.00s Real=0.01s
[2022-03-30T15:37:12.517+0530][gc,start      ] GC(11) Pause Young (Normal) (G1 Evacuation Pause)
[2022-03-30T15:37:12.517+0530][gc,task       ] GC(11) Using 4 workers of 4 for evacuation
[2022-03-30T15:37:12.526+0530][gc,phases     ] GC(11)   Pre Evacuate Collection Set: 0.0ms
[2022-03-30T15:37:12.526+0530][gc,phases     ] GC(11)   Evacuate Collection Set: 7.9ms
[2022-03-30T15:37:12.526+0530][gc,phases     ] GC(11)   Post Evacuate Collection Set: 0.5ms
[2022-03-30T15:37:12.526+0530][gc,phases     ] GC(11)   Other: 0.4ms
[2022-03-30T15:37:12.526+0530][gc,heap       ] GC(11) Eden regions: 47->0(47)
[2022-03-30T15:37:12.526+0530][gc,heap       ] GC(11) Survivor regions: 4->4(7)
[2022-03-30T15:37:12.526+0530][gc,heap       ] GC(11) Old regions: 17->17
[2022-03-30T15:37:12.526+0530][gc,heap       ] GC(11) Humongous regions: 129->129
[2022-03-30T15:37:12.526+0530][gc,metaspace  ] GC(11) Metaspace: 44411K->44411K(1089536K)
[2022-03-30T15:37:12.526+0530][gc            ] GC(11) Pause Young (Normal) (G1 Evacuation Pause) 194M->147M(1024M) 8.884ms
[2022-03-30T15:37:12.526+0530][gc,cpu        ] GC(11) User=0.03s Sys=0.00s Real=0.01s
[2022-03-30T15:53:21.380+0530][gc,start      ] GC(12) Pause Young (Normal) (G1 Evacuation Pause)
[2022-03-30T15:53:21.380+0530][gc,task       ] GC(12) Using 4 workers of 4 for evacuation
[2022-03-30T15:53:21.391+0530][gc,phases     ] GC(12)   Pre Evacuate Collection Set: 0.1ms
[2022-03-30T15:53:21.391+0530][gc,phases     ] GC(12)   Evacuate Collection Set: 9.4ms
[2022-03-30T15:53:21.391+0530][gc,phases     ] GC(12)   Post Evacuate Collection Set: 1.1ms
[2022-03-30T15:53:21.391+0530][gc,phases     ] GC(12)   Other: 0.5ms
[2022-03-30T15:53:21.391+0530][gc,heap       ] GC(12) Eden regions: 47->0(52)
[2022-03-30T15:53:21.391+0530][gc,heap       ] GC(12) Survivor regions: 4->3(7)
[2022-03-30T15:53:21.391+0530][gc,heap       ] GC(12) Old regions: 17->17
[2022-03-30T15:53:21.391+0530][gc,heap       ] GC(12) Humongous regions: 129->129
[2022-03-30T15:53:21.391+0530][gc,metaspace  ] GC(12) Metaspace: 44440K->44440K(1089536K)
[2022-03-30T15:53:21.391+0530][gc            ] GC(12) Pause Young (Normal) (G1 Evacuation Pause) 194M->147M(1024M) 10.990ms
[2022-03-30T15:53:21.391+0530][gc,cpu        ] GC(12) User=0.03s Sys=0.00s Real=0.02s
[2022-03-30T16:10:08.190+0530][gc,start      ] GC(13) Pause Young (Normal) (G1 Evacuation Pause)
[2022-03-30T16:10:08.190+0530][gc,task       ] GC(13) Using 4 workers of 4 for evacuation
[2022-03-30T16:10:08.200+0530][gc,phases     ] GC(13)   Pre Evacuate Collection Set: 0.0ms
[2022-03-30T16:10:08.200+0530][gc,phases     ] GC(13)   Evacuate Collection Set: 6.5ms
[2022-03-30T16:10:08.200+0530][gc,phases     ] GC(13)   Post Evacuate Collection Set: 3.2ms
[2022-03-30T16:10:08.200+0530][gc,phases     ] GC(13)   Other: 0.2ms
[2022-03-30T16:10:08.200+0530][gc,heap       ] GC(13) Eden regions: 52->0(57)
[2022-03-30T16:10:08.200+0530][gc,heap       ] GC(13) Survivor regions: 3->4(7)
[2022-03-30T16:10:08.200+0530][gc,heap       ] GC(13) Old regions: 17->17
[2022-03-30T16:10:08.200+0530][gc,heap       ] GC(13) Humongous regions: 129->129
[2022-03-30T16:10:08.200+0530][gc,metaspace  ] GC(13) Metaspace: 44448K->44448K(1089536K)
[2022-03-30T16:10:08.200+0530][gc            ] GC(13) Pause Young (Normal) (G1 Evacuation Pause) 199M->147M(1024M) 9.974ms
[2022-03-30T16:10:08.200+0530][gc,cpu        ] GC(13) User=0.03s Sys=0.00s Real=0.01s
[2022-03-30T16:29:52.764+0530][gc,start      ] GC(14) Pause Young (Normal) (G1 Evacuation Pause)
[2022-03-30T16:29:52.764+0530][gc,task       ] GC(14) Using 4 workers of 4 for evacuation
[2022-03-30T16:29:52.793+0530][gc,mmu        ] GC(14) MMU target violated: 21.0ms (20.0ms/21.0ms)
[2022-03-30T16:29:52.793+0530][gc,phases     ] GC(14)   Pre Evacuate Collection Set: 0.1ms
[2022-03-30T16:29:52.793+0530][gc,phases     ] GC(14)   Evacuate Collection Set: 27.5ms
[2022-03-30T16:29:52.793+0530][gc,phases     ] GC(14)   Post Evacuate Collection Set: 1.3ms
[2022-03-30T16:29:52.793+0530][gc,phases     ] GC(14)   Other: 0.5ms
[2022-03-30T16:29:52.793+0530][gc,heap       ] GC(14) Eden regions: 57->0(47)
[2022-03-30T16:29:52.793+0530][gc,heap       ] GC(14) Survivor regions: 4->4(8)
[2022-03-30T16:29:52.793+0530][gc,heap       ] GC(14) Old regions: 17->17
[2022-03-30T16:29:52.793+0530][gc,heap       ] GC(14) Humongous regions: 129->129
[2022-03-30T16:29:52.793+0530][gc,metaspace  ] GC(14) Metaspace: 44474K->44474K(1089536K)
[2022-03-30T16:29:52.793+0530][gc            ] GC(14) Pause Young (Normal) (G1 Evacuation Pause) 204M->147M(1024M) 29.541ms
[2022-03-30T16:29:52.793+0530][gc,cpu        ] GC(14) User=0.07s Sys=0.00s Real=0.03s
[2022-03-30T16:46:07.035+0530][gc,start      ] GC(15) Pause Young (Normal) (G1 Evacuation Pause)
[2022-03-30T16:46:07.035+0530][gc,task       ] GC(15) Using 4 workers of 4 for evacuation
[2022-03-30T16:46:07.044+0530][gc,phases     ] GC(15)   Pre Evacuate Collection Set: 0.0ms
[2022-03-30T16:46:07.044+0530][gc,phases     ] GC(15)   Evacuate Collection Set: 8.6ms
[2022-03-30T16:46:07.044+0530][gc,phases     ] GC(15)   Post Evacuate Collection Set: 0.5ms
[2022-03-30T16:46:07.044+0530][gc,phases     ] GC(15)   Other: 0.4ms
[2022-03-30T16:46:07.044+0530][gc,heap       ] GC(15) Eden regions: 47->0(56)
[2022-03-30T16:46:07.044+0530][gc,heap       ] GC(15) Survivor regions: 4->4(7)
[2022-03-30T16:46:07.044+0530][gc,heap       ] GC(15) Old regions: 17->17
[2022-03-30T16:46:07.044+0530][gc,heap       ] GC(15) Humongous regions: 129->129
[2022-03-30T16:46:07.044+0530][gc,metaspace  ] GC(15) Metaspace: 44475K->44475K(1089536K)
[2022-03-30T16:46:07.045+0530][gc            ] GC(15) Pause Young (Normal) (G1 Evacuation Pause) 194M->147M(1024M) 9.536ms
[2022-03-30T16:46:07.045+0530][gc,cpu        ] GC(15) User=0.03s Sys=0.00s Real=0.01s
[2022-03-30T17:04:55.930+0530][gc,start      ] GC(16) Pause Young (Normal) (G1 Evacuation Pause)
[2022-03-30T17:04:55.930+0530][gc,task       ] GC(16) Using 4 workers of 4 for evacuation
[2022-03-30T17:04:55.953+0530][gc,mmu        ] GC(16) MMU target violated: 21.0ms (20.0ms/21.0ms)
[2022-03-30T17:04:55.953+0530][gc,phases     ] GC(16)   Pre Evacuate Collection Set: 0.0ms
[2022-03-30T17:04:55.953+0530][gc,phases     ] GC(16)   Evacuate Collection Set: 20.9ms
[2022-03-30T17:04:55.953+0530][gc,phases     ] GC(16)   Post Evacuate Collection Set: 1.6ms
[2022-03-30T17:04:55.953+0530][gc,phases     ] GC(16)   Other: 0.6ms
[2022-03-30T17:04:55.953+0530][gc,heap       ] GC(16) Eden regions: 56->0(51)
[2022-03-30T17:04:55.953+0530][gc,heap       ] GC(16) Survivor regions: 4->4(8)
[2022-03-30T17:04:55.953+0530][gc,heap       ] GC(16) Old regions: 17->17
[2022-03-30T17:04:55.953+0530][gc,heap       ] GC(16) Humongous regions: 129->129
[2022-03-30T17:04:55.953+0530][gc,metaspace  ] GC(16) Metaspace: 44607K->44607K(1089536K)
[2022-03-30T17:04:55.953+0530][gc            ] GC(16) Pause Young (Normal) (G1 Evacuation Pause) 203M->148M(1024M) 23.302ms
[2022-03-30T17:04:55.953+0530][gc,cpu        ] GC(16) User=0.08s Sys=0.00s Real=0.03s
[2022-03-31T10:33:23.265+0530][gc,start      ] GC(17) Pause Young (Normal) (G1 Evacuation Pause)
[2022-03-31T10:33:23.265+0530][gc,task       ] GC(17) Using 4 workers of 4 for evacuation
[2022-03-31T10:33:23.288+0530][gc,mmu        ] GC(17) MMU target violated: 21.0ms (20.0ms/21.0ms)
[2022-03-31T10:33:23.288+0530][gc,phases     ] GC(17)   Pre Evacuate Collection Set: 0.0ms
[2022-03-31T10:33:23.288+0530][gc,phases     ] GC(17)   Evacuate Collection Set: 20.9ms
[2022-03-31T10:33:23.288+0530][gc,phases     ] GC(17)   Post Evacuate Collection Set: 1.3ms
[2022-03-31T10:33:23.288+0530][gc,phases     ] GC(17)   Other: 0.6ms
[2022-03-31T10:33:23.288+0530][gc,heap       ] GC(17) Eden regions: 47->0(53)
[2022-03-31T10:33:23.288+0530][gc,heap       ] GC(17) Survivor regions: 4->3(7)
[2022-03-31T10:33:23.288+0530][gc,heap       ] GC(17) Old regions: 17->18
[2022-03-31T10:33:23.288+0530][gc,heap       ] GC(17) Humongous regions: 129->129
[2022-03-31T10:33:23.288+0530][gc,metaspace  ] GC(17) Metaspace: 44641K->44641K(1089536K)
[2022-03-31T10:33:23.288+0530][gc            ] GC(17) Pause Young (Normal) (G1 Evacuation Pause) 195M->147M(1024M) 23.043ms
[2022-03-31T10:33:23.288+0530][gc,cpu        ] GC(17) User=0.09s Sys=0.00s Real=0.03s
[2022-03-31T10:52:18.371+0530][gc,start      ] GC(18) Pause Young (Normal) (G1 Evacuation Pause)
[2022-03-31T10:52:18.371+0530][gc,task       ] GC(18) Using 4 workers of 4 for evacuation
[2022-03-31T10:52:18.413+0530][gc,mmu        ] GC(18) MMU target violated: 21.0ms (20.0ms/21.0ms)
[2022-03-31T10:52:18.413+0530][gc,phases     ] GC(18)   Pre Evacuate Collection Set: 0.1ms
[2022-03-31T10:52:18.413+0530][gc,phases     ] GC(18)   Evacuate Collection Set: 32.1ms
[2022-03-31T10:52:18.413+0530][gc,phases     ] GC(18)   Post Evacuate Collection Set: 9.5ms
[2022-03-31T10:52:18.413+0530][gc,phases     ] GC(18)   Other: 0.8ms
[2022-03-31T10:52:18.414+0530][gc,heap       ] GC(18) Eden regions: 53->0(48)
[2022-03-31T10:52:18.414+0530][gc,heap       ] GC(18) Survivor regions: 3->3(7)
[2022-03-31T10:52:18.414+0530][gc,heap       ] GC(18) Old regions: 18->18
[2022-03-31T10:52:18.414+0530][gc,heap       ] GC(18) Humongous regions: 129->129
[2022-03-31T10:52:18.414+0530][gc,metaspace  ] GC(18) Metaspace: 44676K->44676K(1089536K)
[2022-03-31T10:52:18.414+0530][gc            ] GC(18) Pause Young (Normal) (G1 Evacuation Pause) 200M->148M(1024M) 42.748ms
[2022-03-31T10:52:18.414+0530][gc,cpu        ] GC(18) User=0.06s Sys=0.00s Real=0.04s
[2022-03-31T11:09:05.549+0530][gc,start      ] GC(19) Pause Young (Normal) (G1 Evacuation Pause)
[2022-03-31T11:09:05.550+0530][gc,task       ] GC(19) Using 4 workers of 4 for evacuation
[2022-03-31T11:09:05.572+0530][gc,mmu        ] GC(19) MMU target violated: 21.0ms (20.0ms/21.0ms)
[2022-03-31T11:09:05.572+0530][gc,phases     ] GC(19)   Pre Evacuate Collection Set: 0.1ms
[2022-03-31T11:09:05.572+0530][gc,phases     ] GC(19)   Evacuate Collection Set: 17.0ms
[2022-03-31T11:09:05.572+0530][gc,phases     ] GC(19)   Post Evacuate Collection Set: 4.8ms
[2022-03-31T11:09:05.572+0530][gc,phases     ] GC(19)   Other: 0.7ms
[2022-03-31T11:09:05.572+0530][gc,heap       ] GC(19) Eden regions: 48->0(48)
[2022-03-31T11:09:05.572+0530][gc,heap       ] GC(19) Survivor regions: 3->3(7)
[2022-03-31T11:09:05.572+0530][gc,heap       ] GC(19) Old regions: 18->18
[2022-03-31T11:09:05.572+0530][gc,heap       ] GC(19) Humongous regions: 129->129
[2022-03-31T11:09:05.572+0530][gc,metaspace  ] GC(19) Metaspace: 44679K->44679K(1089536K)
[2022-03-31T11:09:05.572+0530][gc            ] GC(19) Pause Young (Normal) (G1 Evacuation Pause) 196M->148M(1024M) 22.795ms
[2022-03-31T11:09:05.572+0530][gc,cpu        ] GC(19) User=0.06s Sys=0.01s Real=0.02s
[2022-03-31T11:25:07.296+0530][gc,start      ] GC(20) Pause Young (Normal) (G1 Evacuation Pause)
[2022-03-31T11:25:07.297+0530][gc,task       ] GC(20) Using 4 workers of 4 for evacuation
[2022-03-31T11:25:07.310+0530][gc,phases     ] GC(20)   Pre Evacuate Collection Set: 0.0ms
[2022-03-31T11:25:07.310+0530][gc,phases     ] GC(20)   Evacuate Collection Set: 9.1ms
[2022-03-31T11:25:07.310+0530][gc,phases     ] GC(20)   Post Evacuate Collection Set: 4.2ms
[2022-03-31T11:25:07.310+0530][gc,phases     ] GC(20)   Other: 0.4ms
[2022-03-31T11:25:07.310+0530][gc,heap       ] GC(20) Eden regions: 48->0(49)
[2022-03-31T11:25:07.310+0530][gc,heap       ] GC(20) Survivor regions: 3->2(7)
[2022-03-31T11:25:07.310+0530][gc,heap       ] GC(20) Old regions: 18->18
[2022-03-31T11:25:07.310+0530][gc,heap       ] GC(20) Humongous regions: 129->129
[2022-03-31T11:25:07.311+0530][gc,metaspace  ] GC(20) Metaspace: 44682K->44682K(1089536K)
[2022-03-31T11:25:07.311+0530][gc            ] GC(20) Pause Young (Normal) (G1 Evacuation Pause) 196M->147M(1024M) 14.095ms
[2022-03-31T11:25:07.311+0530][gc,cpu        ] GC(20) User=0.04s Sys=0.00s Real=0.01s
[2022-03-31T11:41:40.132+0530][gc,start      ] GC(21) Pause Young (Normal) (G1 Evacuation Pause)
[2022-03-31T11:41:40.132+0530][gc,task       ] GC(21) Using 4 workers of 4 for evacuation
[2022-03-31T11:41:40.148+0530][gc,phases     ] GC(21)   Pre Evacuate Collection Set: 0.0ms
[2022-03-31T11:41:40.148+0530][gc,phases     ] GC(21)   Evacuate Collection Set: 10.5ms
[2022-03-31T11:41:40.148+0530][gc,phases     ] GC(21)   Post Evacuate Collection Set: 5.5ms
[2022-03-31T11:41:40.148+0530][gc,phases     ] GC(21)   Other: 0.5ms
[2022-03-31T11:41:40.149+0530][gc,heap       ] GC(21) Eden regions: 49->0(48)
[2022-03-31T11:41:40.149+0530][gc,heap       ] GC(21) Survivor regions: 2->3(7)
[2022-03-31T11:41:40.149+0530][gc,heap       ] GC(21) Old regions: 18->18
[2022-03-31T11:41:40.149+0530][gc,heap       ] GC(21) Humongous regions: 129->129
[2022-03-31T11:41:40.149+0530][gc,metaspace  ] GC(21) Metaspace: 44697K->44697K(1089536K)
[2022-03-31T11:41:40.149+0530][gc            ] GC(21) Pause Young (Normal) (G1 Evacuation Pause) 196M->147M(1024M) 16.786ms
[2022-03-31T11:41:40.149+0530][gc,cpu        ] GC(21) User=0.05s Sys=0.00s Real=0.02s
[2022-03-31T11:57:48.370+0530][gc,start      ] GC(22) Pause Young (Normal) (G1 Evacuation Pause)
[2022-03-31T11:57:48.371+0530][gc,task       ] GC(22) Using 4 workers of 4 for evacuation
[2022-03-31T11:57:48.378+0530][gc,phases     ] GC(22)   Pre Evacuate Collection Set: 0.1ms
[2022-03-31T11:57:48.378+0530][gc,phases     ] GC(22)   Evacuate Collection Set: 6.4ms
[2022-03-31T11:57:48.378+0530][gc,phases     ] GC(22)   Post Evacuate Collection Set: 0.4ms
[2022-03-31T11:57:48.378+0530][gc,phases     ] GC(22)   Other: 0.4ms
[2022-03-31T11:57:48.378+0530][gc,heap       ] GC(22) Eden regions: 48->0(56)
[2022-03-31T11:57:48.378+0530][gc,heap       ] GC(22) Survivor regions: 3->3(7)
[2022-03-31T11:57:48.378+0530][gc,heap       ] GC(22) Old regions: 18->18
[2022-03-31T11:57:48.378+0530][gc,heap       ] GC(22) Humongous regions: 129->129
[2022-03-31T11:57:48.378+0530][gc,metaspace  ] GC(22) Metaspace: 44697K->44697K(1089536K)
[2022-03-31T11:57:48.378+0530][gc            ] GC(22) Pause Young (Normal) (G1 Evacuation Pause) 195M->147M(1024M) 7.326ms
[2022-03-31T11:57:48.378+0530][gc,cpu        ] GC(22) User=0.03s Sys=0.00s Real=0.01s
[2022-03-31T12:16:45.020+0530][gc,start      ] GC(23) Pause Young (Normal) (G1 Evacuation Pause)
[2022-03-31T12:16:45.020+0530][gc,task       ] GC(23) Using 4 workers of 4 for evacuation
[2022-03-31T12:16:45.027+0530][gc,phases     ] GC(23)   Pre Evacuate Collection Set: 0.0ms
[2022-03-31T12:16:45.027+0530][gc,phases     ] GC(23)   Evacuate Collection Set: 5.6ms
[2022-03-31T12:16:45.027+0530][gc,phases     ] GC(23)   Post Evacuate Collection Set: 0.7ms
[2022-03-31T12:16:45.027+0530][gc,phases     ] GC(23)   Other: 0.2ms
[2022-03-31T12:16:45.027+0530][gc,heap       ] GC(23) Eden regions: 56->0(68)
[2022-03-31T12:16:45.027+0530][gc,heap       ] GC(23) Survivor regions: 3->3(8)
[2022-03-31T12:16:45.027+0530][gc,heap       ] GC(23) Old regions: 18->18
[2022-03-31T12:16:45.027+0530][gc,heap       ] GC(23) Humongous regions: 129->129
[2022-03-31T12:16:45.027+0530][gc,metaspace  ] GC(23) Metaspace: 44698K->44698K(1089536K)
[2022-03-31T12:16:45.027+0530][gc            ] GC(23) Pause Young (Normal) (G1 Evacuation Pause) 203M->148M(1024M) 6.671ms
[2022-03-31T12:16:45.027+0530][gc,cpu        ] GC(23) User=0.02s Sys=0.00s Real=0.00s
[2022-03-31T12:38:53.892+0530][gc,start      ] GC(24) Pause Young (Normal) (G1 Evacuation Pause)
[2022-03-31T12:38:53.892+0530][gc,task       ] GC(24) Using 4 workers of 4 for evacuation
[2022-03-31T12:38:53.908+0530][gc,phases     ] GC(24)   Pre Evacuate Collection Set: 0.1ms
[2022-03-31T12:38:53.908+0530][gc,phases     ] GC(24)   Evacuate Collection Set: 12.7ms
[2022-03-31T12:38:53.908+0530][gc,phases     ] GC(24)   Post Evacuate Collection Set: 2.5ms
[2022-03-31T12:38:53.908+0530][gc,phases     ] GC(24)   Other: 0.6ms
[2022-03-31T12:38:53.908+0530][gc,heap       ] GC(24) Eden regions: 68->0(74)
[2022-03-31T12:38:53.908+0530][gc,heap       ] GC(24) Survivor regions: 3->3(9)
[2022-03-31T12:38:53.908+0530][gc,heap       ] GC(24) Old regions: 18->18
[2022-03-31T12:38:53.908+0530][gc,heap       ] GC(24) Humongous regions: 129->129
[2022-03-31T12:38:53.908+0530][gc,metaspace  ] GC(24) Metaspace: 44704K->44704K(1089536K)
[2022-03-31T12:38:53.908+0530][gc            ] GC(24) Pause Young (Normal) (G1 Evacuation Pause) 216M->147M(1024M) 16.128ms
[2022-03-31T12:38:53.909+0530][gc,cpu        ] GC(24) User=0.05s Sys=0.00s Real=0.02s
[2022-03-31T13:03:58.987+0530][gc,start      ] GC(25) Pause Young (Normal) (G1 Evacuation Pause)
[2022-03-31T13:03:58.987+0530][gc,task       ] GC(25) Using 4 workers of 4 for evacuation
[2022-03-31T13:03:59.011+0530][gc,mmu        ] GC(25) MMU target violated: 21.0ms (20.0ms/21.0ms)
[2022-03-31T13:03:59.011+0530][gc,phases     ] GC(25)   Pre Evacuate Collection Set: 0.0ms
[2022-03-31T13:03:59.011+0530][gc,phases     ] GC(25)   Evacuate Collection Set: 18.8ms
[2022-03-31T13:03:59.011+0530][gc,phases     ] GC(25)   Post Evacuate Collection Set: 4.3ms
[2022-03-31T13:03:59.011+0530][gc,phases     ] GC(25)   Other: 0.7ms
[2022-03-31T13:03:59.011+0530][gc,heap       ] GC(25) Eden regions: 74->0(77)
[2022-03-31T13:03:59.011+0530][gc,heap       ] GC(25) Survivor regions: 3->3(10)
[2022-03-31T13:03:59.011+0530][gc,heap       ] GC(25) Old regions: 18->18
[2022-03-31T13:03:59.012+0530][gc,heap       ] GC(25) Humongous regions: 129->129
[2022-03-31T13:03:59.012+0530][gc,metaspace  ] GC(25) Metaspace: 44715K->44715K(1089536K)
[2022-03-31T13:03:59.012+0530][gc            ] GC(25) Pause Young (Normal) (G1 Evacuation Pause) 221M->147M(1024M) 24.332ms
[2022-03-31T13:03:59.012+0530][gc,cpu        ] GC(25) User=0.07s Sys=0.00s Real=0.02s
[2022-03-31T13:29:13.371+0530][gc,start      ] GC(26) Pause Young (Normal) (G1 Evacuation Pause)
[2022-03-31T13:29:13.371+0530][gc,task       ] GC(26) Using 4 workers of 4 for evacuation
[2022-03-31T13:29:13.378+0530][gc,phases     ] GC(26)   Pre Evacuate Collection Set: 0.1ms
[2022-03-31T13:29:13.378+0530][gc,phases     ] GC(26)   Evacuate Collection Set: 6.1ms
[2022-03-31T13:29:13.378+0530][gc,phases     ] GC(26)   Post Evacuate Collection Set: 0.4ms
[2022-03-31T13:29:13.378+0530][gc,phases     ] GC(26)   Other: 0.8ms
[2022-03-31T13:29:13.378+0530][gc,heap       ] GC(26) Eden regions: 77->0(100)
[2022-03-31T13:29:13.378+0530][gc,heap       ] GC(26) Survivor regions: 3->3(10)
[2022-03-31T13:29:13.378+0530][gc,heap       ] GC(26) Old regions: 18->18
[2022-03-31T13:29:13.378+0530][gc,heap       ] GC(26) Humongous regions: 129->129
[2022-03-31T13:29:13.378+0530][gc,metaspace  ] GC(26) Metaspace: 44717K->44717K(1089536K)
[2022-03-31T13:29:13.378+0530][gc            ] GC(26) Pause Young (Normal) (G1 Evacuation Pause) 224M->147M(1024M) 7.332ms
[2022-03-31T13:29:13.378+0530][gc,cpu        ] GC(26) User=0.02s Sys=0.00s Real=0.01s
[2022-03-31T14:03:10.718+0530][gc,start      ] GC(27) Pause Young (Normal) (G1 Evacuation Pause)
[2022-03-31T14:03:10.718+0530][gc,task       ] GC(27) Using 4 workers of 4 for evacuation
[2022-03-31T14:03:10.724+0530][gc,phases     ] GC(27)   Pre Evacuate Collection Set: 0.0ms
[2022-03-31T14:03:10.724+0530][gc,phases     ] GC(27)   Evacuate Collection Set: 4.5ms
[2022-03-31T14:03:10.724+0530][gc,phases     ] GC(27)   Post Evacuate Collection Set: 0.5ms
[2022-03-31T14:03:10.724+0530][gc,phases     ] GC(27)   Other: 0.3ms
[2022-03-31T14:03:10.724+0530][gc,heap       ] GC(27) Eden regions: 100->0(123)
[2022-03-31T14:03:10.724+0530][gc,heap       ] GC(27) Survivor regions: 3->3(13)
[2022-03-31T14:03:10.724+0530][gc,heap       ] GC(27) Old regions: 18->18
[2022-03-31T14:03:10.724+0530][gc,heap       ] GC(27) Humongous regions: 129->129
[2022-03-31T14:03:10.724+0530][gc,metaspace  ] GC(27) Metaspace: 44727K->44727K(1089536K)
[2022-03-31T14:03:10.724+0530][gc            ] GC(27) Pause Young (Normal) (G1 Evacuation Pause) 247M->147M(1024M) 5.389ms
[2022-03-31T14:03:10.724+0530][gc,cpu        ] GC(27) User=0.02s Sys=0.00s Real=0.00s
[2022-03-31T14:44:35.246+0530][gc,start      ] GC(28) Pause Young (Normal) (G1 Evacuation Pause)
[2022-03-31T14:44:35.249+0530][gc,task       ] GC(28) Using 4 workers of 4 for evacuation
[2022-03-31T14:44:35.260+0530][gc,phases     ] GC(28)   Pre Evacuate Collection Set: 0.0ms
[2022-03-31T14:44:35.261+0530][gc,phases     ] GC(28)   Evacuate Collection Set: 10.4ms
[2022-03-31T14:44:35.261+0530][gc,phases     ] GC(28)   Post Evacuate Collection Set: 0.9ms
[2022-03-31T14:44:35.261+0530][gc,phases     ] GC(28)   Other: 3.4ms
[2022-03-31T14:44:35.261+0530][gc,heap       ] GC(28) Eden regions: 123->0(611)
[2022-03-31T14:44:35.261+0530][gc,heap       ] GC(28) Survivor regions: 3->3(16)
[2022-03-31T14:44:35.261+0530][gc,heap       ] GC(28) Old regions: 18->18
[2022-03-31T14:44:35.261+0530][gc,heap       ] GC(28) Humongous regions: 129->129
[2022-03-31T14:44:35.261+0530][gc,metaspace  ] GC(28) Metaspace: 44788K->44788K(1089536K)
[2022-03-31T14:44:35.261+0530][gc            ] GC(28) Pause Young (Normal) (G1 Evacuation Pause) 270M->147M(1024M) 15.004ms
[2022-03-31T14:44:35.261+0530][gc,cpu        ] GC(28) User=0.04s Sys=0.00s Real=0.02s
[2022-03-31T14:45:31.484+0530][gc,heap,exit  ] Heap
[2022-03-31T14:45:31.484+0530][gc,heap,exit  ]  garbage-first heap   total 1048576K, used 170526K [0x00000000c0000000, 0x0000000100000000)
[2022-03-31T14:45:31.484+0530][gc,heap,exit  ]   region size 1024K, 23 young (23552K), 3 survivors (3072K)
[2022-03-31T14:45:31.484+0530][gc,heap,exit  ]  Metaspace       used 45593K, capacity 48506K, committed 48764K, reserved 1091584K
[2022-03-31T14:45:31.484+0530][gc,heap,exit  ]   class space    used 5992K, capacity 7446K, committed 7552K, reserved 1048576K
