[2022-03-30T13:59:36.467+0530][gc,heap] Heap region size: 1M
[2022-03-30T13:59:36.480+0530][gc     ] Using G1
[2022-03-30T13:59:36.480+0530][gc,heap,coops] Heap address: 0x00000000c0000000, size: 1024 MB, Compressed Oops mode: 32-bit
[2022-03-30T13:59:36.481+0530][gc,cds       ] Mark closed archive regions in map: [0x00000000fff00000, 0x00000000fff6aff8]
[2022-03-30T13:59:36.481+0530][gc,cds       ] Mark open archive regions in map: [0x00000000ffe00000, 0x00000000ffe46ff8]
[2022-03-30T13:59:37.376+0530][gc,start     ] GC(0) Pause Young (Normal) (G1 Evacuation Pause)
[2022-03-30T13:59:37.376+0530][gc,task      ] GC(0) Using 4 workers of 4 for evacuation
[2022-03-30T13:59:37.388+0530][gc,phases    ] GC(0)   Pre Evacuate Collection Set: 0.0ms
[2022-03-30T13:59:37.388+0530][gc,phases    ] GC(0)   Evacuate Collection Set: 11.2ms
[2022-03-30T13:59:37.388+0530][gc,phases    ] GC(0)   Post Evacuate Collection Set: 0.4ms
[2022-03-30T13:59:37.388+0530][gc,phases    ] GC(0)   Other: 0.3ms
[2022-03-30T13:59:37.388+0530][gc,heap      ] GC(0) Eden regions: 51->0(44)
[2022-03-30T13:59:37.388+0530][gc,heap      ] GC(0) Survivor regions: 0->7(7)
[2022-03-30T13:59:37.388+0530][gc,heap      ] GC(0) Old regions: 2->2
[2022-03-30T13:59:37.388+0530][gc,heap      ] GC(0) Humongous regions: 0->0
[2022-03-30T13:59:37.388+0530][gc,metaspace ] GC(0) Metaspace: 14872K->14872K(1062912K)
[2022-03-30T13:59:37.388+0530][gc           ] GC(0) Pause Young (Normal) (G1 Evacuation Pause) 51M->7M(1024M) 11.964ms
[2022-03-30T13:59:37.388+0530][gc,cpu       ] GC(0) User=0.04s Sys=0.01s Real=0.01s
[2022-03-30T13:59:37.978+0530][gc,start     ] GC(1) Pause Young (Concurrent Start) (Metadata GC Threshold)
[2022-03-30T13:59:37.978+0530][gc,task      ] GC(1) Using 4 workers of 4 for evacuation
[2022-03-30T13:59:37.988+0530][gc,phases    ] GC(1)   Pre Evacuate Collection Set: 0.1ms
[2022-03-30T13:59:37.988+0530][gc,phases    ] GC(1)   Evacuate Collection Set: 9.6ms
[2022-03-30T13:59:37.988+0530][gc,phases    ] GC(1)   Post Evacuate Collection Set: 0.4ms
[2022-03-30T13:59:37.988+0530][gc,phases    ] GC(1)   Other: 0.2ms
[2022-03-30T13:59:37.988+0530][gc,heap      ] GC(1) Eden regions: 24->0(50)
[2022-03-30T13:59:37.988+0530][gc,heap      ] GC(1) Survivor regions: 7->1(7)
[2022-03-30T13:59:37.988+0530][gc,heap      ] GC(1) Old regions: 2->9
[2022-03-30T13:59:37.988+0530][gc,heap      ] GC(1) Humongous regions: 0->0
[2022-03-30T13:59:37.988+0530][gc,metaspace ] GC(1) Metaspace: 20643K->20643K(1067008K)
[2022-03-30T13:59:37.988+0530][gc           ] GC(1) Pause Young (Concurrent Start) (Metadata GC Threshold) 31M->8M(1024M) 10.226ms
[2022-03-30T13:59:37.988+0530][gc,cpu       ] GC(1) User=0.03s Sys=0.00s Real=0.01s
[2022-03-30T13:59:37.989+0530][gc           ] GC(2) Concurrent Cycle
[2022-03-30T13:59:37.989+0530][gc,marking   ] GC(2) Concurrent Clear Claimed Marks
[2022-03-30T13:59:37.989+0530][gc,marking   ] GC(2) Concurrent Clear Claimed Marks 0.042ms
[2022-03-30T13:59:37.989+0530][gc,marking   ] GC(2) Concurrent Scan Root Regions
[2022-03-30T13:59:37.990+0530][gc,marking   ] GC(2) Concurrent Scan Root Regions 1.145ms
[2022-03-30T13:59:37.990+0530][gc,marking   ] GC(2) Concurrent Mark (1.545s)
[2022-03-30T13:59:37.990+0530][gc,marking   ] GC(2) Concurrent Mark From Roots
[2022-03-30T13:59:37.990+0530][gc,task      ] GC(2) Using 1 workers of 1 for marking
[2022-03-30T13:59:38.003+0530][gc,marking   ] GC(2) Concurrent Mark From Roots 13.603ms
[2022-03-30T13:59:38.003+0530][gc,marking   ] GC(2) Concurrent Preclean
[2022-03-30T13:59:38.004+0530][gc,marking   ] GC(2) Concurrent Preclean 0.108ms
[2022-03-30T13:59:38.004+0530][gc,marking   ] GC(2) Concurrent Mark (1.545s, 1.559s) 13.767ms
[2022-03-30T13:59:38.004+0530][gc,start     ] GC(2) Pause Remark
[2022-03-30T13:59:38.011+0530][gc,stringtable] GC(2) Cleaned string and symbol table, strings: 5243 processed, 0 removed, symbols: 51187 processed, 46 removed
[2022-03-30T13:59:38.011+0530][gc            ] GC(2) Pause Remark 9M->9M(1024M) 7.558ms
[2022-03-30T13:59:38.011+0530][gc,cpu        ] GC(2) User=0.02s Sys=0.00s Real=0.01s
[2022-03-30T13:59:38.011+0530][gc,marking    ] GC(2) Concurrent Rebuild Remembered Sets
[2022-03-30T13:59:38.018+0530][gc,marking    ] GC(2) Concurrent Rebuild Remembered Sets 6.958ms
[2022-03-30T13:59:38.018+0530][gc,start      ] GC(2) Pause Cleanup
[2022-03-30T13:59:38.019+0530][gc            ] GC(2) Pause Cleanup 9M->9M(1024M) 0.205ms
[2022-03-30T13:59:38.019+0530][gc,cpu        ] GC(2) User=0.00s Sys=0.00s Real=0.00s
[2022-03-30T13:59:38.019+0530][gc,marking    ] GC(2) Concurrent Cleanup for Next Mark
[2022-03-30T13:59:38.031+0530][gc,marking    ] GC(2) Concurrent Cleanup for Next Mark 12.309ms
[2022-03-30T13:59:38.031+0530][gc            ] GC(2) Concurrent Cycle 42.517ms
[2022-03-30T13:59:38.726+0530][gc,start      ] GC(3) Pause Young (Normal) (G1 Evacuation Pause)
[2022-03-30T13:59:38.726+0530][gc,task       ] GC(3) Using 4 workers of 4 for evacuation
[2022-03-30T13:59:38.732+0530][gc,phases     ] GC(3)   Pre Evacuate Collection Set: 0.0ms
[2022-03-30T13:59:38.732+0530][gc,phases     ] GC(3)   Evacuate Collection Set: 5.7ms
[2022-03-30T13:59:38.732+0530][gc,phases     ] GC(3)   Post Evacuate Collection Set: 0.3ms
[2022-03-30T13:59:38.732+0530][gc,phases     ] GC(3)   Other: 0.1ms
[2022-03-30T13:59:38.732+0530][gc,heap       ] GC(3) Eden regions: 50->0(46)
[2022-03-30T13:59:38.732+0530][gc,heap       ] GC(3) Survivor regions: 1->5(7)
[2022-03-30T13:59:38.732+0530][gc,heap       ] GC(3) Old regions: 9->9
[2022-03-30T13:59:38.732+0530][gc,heap       ] GC(3) Humongous regions: 129->129
[2022-03-30T13:59:38.732+0530][gc,metaspace  ] GC(3) Metaspace: 29321K->29321K(1075200K)
[2022-03-30T13:59:38.732+0530][gc            ] GC(3) Pause Young (Normal) (G1 Evacuation Pause) 187M->140M(1024M) 6.274ms
[2022-03-30T13:59:38.732+0530][gc,cpu        ] GC(3) User=0.02s Sys=0.00s Real=0.01s
[2022-03-30T13:59:39.163+0530][gc,start      ] GC(4) Pause Young (Concurrent Start) (Metadata GC Threshold)
[2022-03-30T13:59:39.163+0530][gc,task       ] GC(4) Using 4 workers of 4 for evacuation
[2022-03-30T13:59:39.175+0530][gc,phases     ] GC(4)   Pre Evacuate Collection Set: 0.1ms
[2022-03-30T13:59:39.175+0530][gc,phases     ] GC(4)   Evacuate Collection Set: 11.2ms
[2022-03-30T13:59:39.175+0530][gc,phases     ] GC(4)   Post Evacuate Collection Set: 0.4ms
[2022-03-30T13:59:39.175+0530][gc,phases     ] GC(4)   Other: 0.2ms
[2022-03-30T13:59:39.175+0530][gc,heap       ] GC(4) Eden regions: 24->0(49)
[2022-03-30T13:59:39.175+0530][gc,heap       ] GC(4) Survivor regions: 5->2(7)
[2022-03-30T13:59:39.175+0530][gc,heap       ] GC(4) Old regions: 9->14
[2022-03-30T13:59:39.175+0530][gc,heap       ] GC(4) Humongous regions: 129->129
[2022-03-30T13:59:39.175+0530][gc,metaspace  ] GC(4) Metaspace: 34346K->34346K(1081344K)
[2022-03-30T13:59:39.175+0530][gc            ] GC(4) Pause Young (Concurrent Start) (Metadata GC Threshold) 164M->142M(1024M) 11.888ms
[2022-03-30T13:59:39.175+0530][gc,cpu        ] GC(4) User=0.03s Sys=0.00s Real=0.01s
[2022-03-30T13:59:39.175+0530][gc            ] GC(5) Concurrent Cycle
[2022-03-30T13:59:39.175+0530][gc,marking    ] GC(5) Concurrent Clear Claimed Marks
[2022-03-30T13:59:39.175+0530][gc,marking    ] GC(5) Concurrent Clear Claimed Marks 0.049ms
[2022-03-30T13:59:39.175+0530][gc,marking    ] GC(5) Concurrent Scan Root Regions
[2022-03-30T13:59:39.177+0530][gc,marking    ] GC(5) Concurrent Scan Root Regions 1.265ms
[2022-03-30T13:59:39.177+0530][gc,marking    ] GC(5) Concurrent Mark (2.732s)
[2022-03-30T13:59:39.177+0530][gc,marking    ] GC(5) Concurrent Mark From Roots
[2022-03-30T13:59:39.177+0530][gc,task       ] GC(5) Using 1 workers of 1 for marking
[2022-03-30T13:59:39.214+0530][gc,marking    ] GC(5) Concurrent Mark From Roots 37.774ms
[2022-03-30T13:59:39.214+0530][gc,marking    ] GC(5) Concurrent Preclean
[2022-03-30T13:59:39.214+0530][gc,marking    ] GC(5) Concurrent Preclean 0.099ms
[2022-03-30T13:59:39.214+0530][gc,marking    ] GC(5) Concurrent Mark (2.732s, 2.770s) 37.938ms
[2022-03-30T13:59:39.217+0530][gc,start      ] GC(5) Pause Remark
[2022-03-30T13:59:39.222+0530][gc,stringtable] GC(5) Cleaned string and symbol table, strings: 10929 processed, 9 removed, symbols: 84194 processed, 13 removed
[2022-03-30T13:59:39.222+0530][gc            ] GC(5) Pause Remark 147M->147M(1024M) 4.875ms
[2022-03-30T13:59:39.222+0530][gc,cpu        ] GC(5) User=0.02s Sys=0.00s Real=0.00s
[2022-03-30T13:59:39.222+0530][gc,marking    ] GC(5) Concurrent Rebuild Remembered Sets
[2022-03-30T13:59:39.235+0530][gc,marking    ] GC(5) Concurrent Rebuild Remembered Sets 12.735ms
[2022-03-30T13:59:39.235+0530][gc,start      ] GC(5) Pause Cleanup
[2022-03-30T13:59:39.235+0530][gc            ] GC(5) Pause Cleanup 148M->148M(1024M) 0.147ms
[2022-03-30T13:59:39.235+0530][gc,cpu        ] GC(5) User=0.00s Sys=0.00s Real=0.00s
[2022-03-30T13:59:39.235+0530][gc,marking    ] GC(5) Concurrent Cleanup for Next Mark
[2022-03-30T13:59:39.244+0530][gc,marking    ] GC(5) Concurrent Cleanup for Next Mark 9.064ms
[2022-03-30T13:59:39.244+0530][gc            ] GC(5) Concurrent Cycle 69.295ms
[2022-03-30T14:00:05.066+0530][gc,heap,exit  ] Heap
[2022-03-30T14:00:05.066+0530][gc,heap,exit  ]  garbage-first heap   total 1048576K, used 166486K [0x00000000c0000000, 0x0000000100000000)
[2022-03-30T14:00:05.066+0530][gc,heap,exit  ]   region size 1024K, 23 young (23552K), 2 survivors (2048K)
[2022-03-30T14:00:05.066+0530][gc,heap,exit  ]  Metaspace       used 36970K, capacity 38534K, committed 38604K, reserved 1083392K
[2022-03-30T14:00:05.066+0530][gc,heap,exit  ]   class space    used 4535K, capacity 5295K, committed 5324K, reserved 1048576K
