[2022-03-30T14:00:08.827+0530][gc,heap] Heap region size: 1M
[2022-03-30T14:00:08.837+0530][gc     ] Using G1
[2022-03-30T14:00:08.837+0530][gc,heap,coops] Heap address: 0x00000000c0000000, size: 1024 MB, Compressed Oops mode: 32-bit
[2022-03-30T14:00:08.837+0530][gc,cds       ] Mark closed archive regions in map: [0x00000000fff00000, 0x00000000fff6aff8]
[2022-03-30T14:00:08.837+0530][gc,cds       ] Mark open archive regions in map: [0x00000000ffe00000, 0x00000000ffe46ff8]
[2022-03-30T14:00:10.017+0530][gc,start     ] GC(0) Pause Young (Normal) (G1 Evacuation Pause)
[2022-03-30T14:00:10.018+0530][gc,task      ] GC(0) Using 4 workers of 4 for evacuation
[2022-03-30T14:00:10.032+0530][gc,phases    ] GC(0)   Pre Evacuate Collection Set: 0.0ms
[2022-03-30T14:00:10.032+0530][gc,phases    ] GC(0)   Evacuate Collection Set: 13.4ms
[2022-03-30T14:00:10.032+0530][gc,phases    ] GC(0)   Post Evacuate Collection Set: 0.5ms
[2022-03-30T14:00:10.032+0530][gc,phases    ] GC(0)   Other: 0.3ms
[2022-03-30T14:00:10.032+0530][gc,heap      ] GC(0) Eden regions: 51->0(44)
[2022-03-30T14:00:10.032+0530][gc,heap      ] GC(0) Survivor regions: 0->7(7)
[2022-03-30T14:00:10.032+0530][gc,heap      ] GC(0) Old regions: 2->2
[2022-03-30T14:00:10.032+0530][gc,heap      ] GC(0) Humongous regions: 0->0
[2022-03-30T14:00:10.032+0530][gc,metaspace ] GC(0) Metaspace: 14873K->14873K(1062912K)
[2022-03-30T14:00:10.032+0530][gc           ] GC(0) Pause Young (Normal) (G1 Evacuation Pause) 51M->7M(1024M) 14.239ms
[2022-03-30T14:00:10.032+0530][gc,cpu       ] GC(0) User=0.04s Sys=0.00s Real=0.02s
[2022-03-30T14:00:10.475+0530][gc,start     ] GC(1) Pause Young (Concurrent Start) (Metadata GC Threshold)
[2022-03-30T14:00:10.475+0530][gc,task      ] GC(1) Using 4 workers of 4 for evacuation
[2022-03-30T14:00:10.489+0530][gc,phases    ] GC(1)   Pre Evacuate Collection Set: 0.1ms
[2022-03-30T14:00:10.489+0530][gc,phases    ] GC(1)   Evacuate Collection Set: 13.3ms
[2022-03-30T14:00:10.489+0530][gc,phases    ] GC(1)   Post Evacuate Collection Set: 0.4ms
[2022-03-30T14:00:10.489+0530][gc,phases    ] GC(1)   Other: 0.3ms
[2022-03-30T14:00:10.489+0530][gc,heap      ] GC(1) Eden regions: 23->0(50)
[2022-03-30T14:00:10.489+0530][gc,heap      ] GC(1) Survivor regions: 7->1(7)
[2022-03-30T14:00:10.489+0530][gc,heap      ] GC(1) Old regions: 2->9
[2022-03-30T14:00:10.489+0530][gc,heap      ] GC(1) Humongous regions: 0->0
[2022-03-30T14:00:10.489+0530][gc,metaspace ] GC(1) Metaspace: 20485K->20485K(1067008K)
[2022-03-30T14:00:10.489+0530][gc           ] GC(1) Pause Young (Concurrent Start) (Metadata GC Threshold) 30M->8M(1024M) 14.121ms
[2022-03-30T14:00:10.489+0530][gc,cpu       ] GC(1) User=0.04s Sys=0.00s Real=0.01s
[2022-03-30T14:00:10.489+0530][gc           ] GC(2) Concurrent Cycle
[2022-03-30T14:00:10.489+0530][gc,marking   ] GC(2) Concurrent Clear Claimed Marks
[2022-03-30T14:00:10.489+0530][gc,marking   ] GC(2) Concurrent Clear Claimed Marks 0.048ms
[2022-03-30T14:00:10.489+0530][gc,marking   ] GC(2) Concurrent Scan Root Regions
[2022-03-30T14:00:10.490+0530][gc,marking   ] GC(2) Concurrent Scan Root Regions 1.074ms
[2022-03-30T14:00:10.490+0530][gc,marking   ] GC(2) Concurrent Mark (1.689s)
[2022-03-30T14:00:10.490+0530][gc,marking   ] GC(2) Concurrent Mark From Roots
[2022-03-30T14:00:10.490+0530][gc,task      ] GC(2) Using 1 workers of 1 for marking
[2022-03-30T14:00:10.510+0530][gc,marking   ] GC(2) Concurrent Mark From Roots 20.327ms
[2022-03-30T14:00:10.510+0530][gc,marking   ] GC(2) Concurrent Preclean
[2022-03-30T14:00:10.510+0530][gc,marking   ] GC(2) Concurrent Preclean 0.144ms
[2022-03-30T14:00:10.510+0530][gc,marking   ] GC(2) Concurrent Mark (1.689s, 1.709s) 20.552ms
[2022-03-30T14:00:10.511+0530][gc,start     ] GC(2) Pause Remark
[2022-03-30T14:00:10.517+0530][gc,stringtable] GC(2) Cleaned string and symbol table, strings: 5179 processed, 0 removed, symbols: 50907 processed, 42 removed
[2022-03-30T14:00:10.517+0530][gc            ] GC(2) Pause Remark 9M->9M(1024M) 6.680ms
[2022-03-30T14:00:10.517+0530][gc,cpu        ] GC(2) User=0.01s Sys=0.00s Real=0.00s
[2022-03-30T14:00:10.517+0530][gc,marking    ] GC(2) Concurrent Rebuild Remembered Sets
[2022-03-30T14:00:10.523+0530][gc,marking    ] GC(2) Concurrent Rebuild Remembered Sets 5.573ms
[2022-03-30T14:00:10.523+0530][gc,start      ] GC(2) Pause Cleanup
[2022-03-30T14:00:10.524+0530][gc            ] GC(2) Pause Cleanup 9M->9M(1024M) 0.403ms
[2022-03-30T14:00:10.524+0530][gc,cpu        ] GC(2) User=0.00s Sys=0.00s Real=0.00s
[2022-03-30T14:00:10.525+0530][gc,marking    ] GC(2) Concurrent Cleanup for Next Mark
[2022-03-30T14:00:10.535+0530][gc,marking    ] GC(2) Concurrent Cleanup for Next Mark 9.882ms
[2022-03-30T14:00:10.535+0530][gc            ] GC(2) Concurrent Cycle 46.135ms
[2022-03-30T14:00:11.496+0530][gc,start      ] GC(3) Pause Young (Normal) (G1 Evacuation Pause)
[2022-03-30T14:00:11.496+0530][gc,task       ] GC(3) Using 4 workers of 4 for evacuation
[2022-03-30T14:00:11.501+0530][gc,phases     ] GC(3)   Pre Evacuate Collection Set: 0.0ms
[2022-03-30T14:00:11.501+0530][gc,phases     ] GC(3)   Evacuate Collection Set: 5.1ms
[2022-03-30T14:00:11.501+0530][gc,phases     ] GC(3)   Post Evacuate Collection Set: 0.3ms
[2022-03-30T14:00:11.501+0530][gc,phases     ] GC(3)   Other: 0.1ms
[2022-03-30T14:00:11.501+0530][gc,heap       ] GC(3) Eden regions: 50->0(46)
[2022-03-30T14:00:11.501+0530][gc,heap       ] GC(3) Survivor regions: 1->5(7)
[2022-03-30T14:00:11.501+0530][gc,heap       ] GC(3) Old regions: 9->9
[2022-03-30T14:00:11.501+0530][gc,heap       ] GC(3) Humongous regions: 129->129
[2022-03-30T14:00:11.501+0530][gc,metaspace  ] GC(3) Metaspace: 29057K->29057K(1075200K)
[2022-03-30T14:00:11.501+0530][gc            ] GC(3) Pause Young (Normal) (G1 Evacuation Pause) 187M->140M(1024M) 5.662ms
[2022-03-30T14:00:11.501+0530][gc,cpu        ] GC(3) User=0.02s Sys=0.00s Real=0.00s
[2022-03-30T14:00:12.015+0530][gc,start      ] GC(4) Pause Young (Concurrent Start) (Metadata GC Threshold)
[2022-03-30T14:00:12.015+0530][gc,task       ] GC(4) Using 4 workers of 4 for evacuation
[2022-03-30T14:00:12.027+0530][gc,phases     ] GC(4)   Pre Evacuate Collection Set: 0.2ms
[2022-03-30T14:00:12.027+0530][gc,phases     ] GC(4)   Evacuate Collection Set: 11.3ms
[2022-03-30T14:00:12.027+0530][gc,phases     ] GC(4)   Post Evacuate Collection Set: 0.4ms
[2022-03-30T14:00:12.027+0530][gc,phases     ] GC(4)   Other: 0.2ms
[2022-03-30T14:00:12.027+0530][gc,heap       ] GC(4) Eden regions: 27->0(45)
[2022-03-30T14:00:12.027+0530][gc,heap       ] GC(4) Survivor regions: 5->6(7)
[2022-03-30T14:00:12.027+0530][gc,heap       ] GC(4) Old regions: 9->10
[2022-03-30T14:00:12.027+0530][gc,heap       ] GC(4) Humongous regions: 129->129
[2022-03-30T14:00:12.027+0530][gc,metaspace  ] GC(4) Metaspace: 34517K->34517K(1081344K)
[2022-03-30T14:00:12.027+0530][gc            ] GC(4) Pause Young (Concurrent Start) (Metadata GC Threshold) 166M->142M(1024M) 12.171ms
[2022-03-30T14:00:12.027+0530][gc,cpu        ] GC(4) User=0.03s Sys=0.00s Real=0.01s
[2022-03-30T14:00:12.027+0530][gc            ] GC(5) Concurrent Cycle
[2022-03-30T14:00:12.027+0530][gc,marking    ] GC(5) Concurrent Clear Claimed Marks
[2022-03-30T14:00:12.027+0530][gc,marking    ] GC(5) Concurrent Clear Claimed Marks 0.103ms
[2022-03-30T14:00:12.027+0530][gc,marking    ] GC(5) Concurrent Scan Root Regions
[2022-03-30T14:00:12.032+0530][gc,marking    ] GC(5) Concurrent Scan Root Regions 4.706ms
[2022-03-30T14:00:12.032+0530][gc,marking    ] GC(5) Concurrent Mark (3.231s)
[2022-03-30T14:00:12.032+0530][gc,marking    ] GC(5) Concurrent Mark From Roots
[2022-03-30T14:00:12.032+0530][gc,task       ] GC(5) Using 1 workers of 1 for marking
[2022-03-30T14:00:12.068+0530][gc,marking    ] GC(5) Concurrent Mark From Roots 36.214ms
[2022-03-30T14:00:12.068+0530][gc,marking    ] GC(5) Concurrent Preclean
[2022-03-30T14:00:12.068+0530][gc,marking    ] GC(5) Concurrent Preclean 0.076ms
[2022-03-30T14:00:12.068+0530][gc,marking    ] GC(5) Concurrent Mark (3.231s, 3.267s) 36.338ms
[2022-03-30T14:00:12.071+0530][gc,start      ] GC(5) Pause Remark
[2022-03-30T14:00:12.082+0530][gc,stringtable] GC(5) Cleaned string and symbol table, strings: 10937 processed, 9 removed, symbols: 84307 processed, 15 removed
[2022-03-30T14:00:12.082+0530][gc            ] GC(5) Pause Remark 145M->145M(1024M) 11.463ms
[2022-03-30T14:00:12.082+0530][gc,cpu        ] GC(5) User=0.03s Sys=0.00s Real=0.00s
[2022-03-30T14:00:12.082+0530][gc,marking    ] GC(5) Concurrent Rebuild Remembered Sets
[2022-03-30T14:00:12.099+0530][gc,marking    ] GC(5) Concurrent Rebuild Remembered Sets 16.572ms
[2022-03-30T14:00:12.099+0530][gc,start      ] GC(5) Pause Cleanup
[2022-03-30T14:00:12.100+0530][gc            ] GC(5) Pause Cleanup 146M->146M(1024M) 0.552ms
[2022-03-30T14:00:12.100+0530][gc,cpu        ] GC(5) User=0.00s Sys=0.00s Real=0.00s
[2022-03-30T14:00:12.100+0530][gc,marking    ] GC(5) Concurrent Cleanup for Next Mark
[2022-03-30T14:00:12.123+0530][gc,marking    ] GC(5) Concurrent Cleanup for Next Mark 23.291ms
[2022-03-30T14:00:12.124+0530][gc            ] GC(5) Concurrent Cycle 96.604ms
[2022-03-30T14:02:34.583+0530][gc,heap,exit  ] Heap
[2022-03-30T14:02:34.583+0530][gc,heap,exit  ]  garbage-first heap   total 1048576K, used 164374K [0x00000000c0000000, 0x0000000100000000)
[2022-03-30T14:02:34.583+0530][gc,heap,exit  ]   region size 1024K, 26 young (26624K), 6 survivors (6144K)
[2022-03-30T14:02:34.583+0530][gc,heap,exit  ]  Metaspace       used 37177K, capacity 38811K, committed 38908K, reserved 1083392K
[2022-03-30T14:02:34.583+0530][gc,heap,exit  ]   class space    used 4557K, capacity 5327K, committed 5376K, reserved 1048576K
