[2022-03-30T14:06:31.067+0530][gc,heap] Heap region size: 1M
[2022-03-30T14:06:31.072+0530][gc     ] Using G1
[2022-03-30T14:06:31.072+0530][gc,heap,coops] Heap address: 0x00000000e0000000, size: 512 MB, Compressed Oops mode: 32-bit
[2022-03-30T14:06:31.072+0530][gc,cds       ] Mark closed archive regions in map: [0x00000000fff00000, 0x00000000fff6aff8]
[2022-03-30T14:06:31.072+0530][gc,cds       ] Mark open archive regions in map: [0x00000000ffe00000, 0x00000000ffe46ff8]
[2022-03-30T14:06:31.746+0530][gc,start     ] GC(0) Pause Young (Normal) (G1 Evacuation Pause)
[2022-03-30T14:06:31.746+0530][gc,task      ] GC(0) Using 4 workers of 4 for evacuation
[2022-03-30T14:06:31.758+0530][gc,phases    ] GC(0)   Pre Evacuate Collection Set: 0.0ms
[2022-03-30T14:06:31.758+0530][gc,phases    ] GC(0)   Evacuate Collection Set: 11.1ms
[2022-03-30T14:06:31.758+0530][gc,phases    ] GC(0)   Post Evacuate Collection Set: 0.3ms
[2022-03-30T14:06:31.758+0530][gc,phases    ] GC(0)   Other: 0.4ms
[2022-03-30T14:06:31.758+0530][gc,heap      ] GC(0) Eden regions: 25->0(21)
[2022-03-30T14:06:31.758+0530][gc,heap      ] GC(0) Survivor regions: 0->4(4)
[2022-03-30T14:06:31.758+0530][gc,heap      ] GC(0) Old regions: 2->6
[2022-03-30T14:06:31.758+0530][gc,heap      ] GC(0) Humongous regions: 0->0
[2022-03-30T14:06:31.758+0530][gc,metaspace ] GC(0) Metaspace: 7887K->7887K(1056768K)
[2022-03-30T14:06:31.758+0530][gc           ] GC(0) Pause Young (Normal) (G1 Evacuation Pause) 25M->7M(512M) 11.901ms
[2022-03-30T14:06:31.758+0530][gc,cpu       ] GC(0) User=0.03s Sys=0.00s Real=0.01s
[2022-03-31T10:33:35.849+0530][gc,start     ] GC(1) Pause Young (Normal) (G1 Evacuation Pause)
[2022-03-31T10:33:35.864+0530][gc,task      ] GC(1) Using 4 workers of 4 for evacuation
[2022-03-31T10:33:35.893+0530][gc,mmu       ] GC(1) MMU target violated: 21.0ms (20.0ms/21.0ms)
[2022-03-31T10:33:35.894+0530][gc,phases    ] GC(1)   Pre Evacuate Collection Set: 0.0ms
[2022-03-31T10:33:35.894+0530][gc,phases    ] GC(1)   Evacuate Collection Set: 28.5ms
[2022-03-31T10:33:35.894+0530][gc,phases    ] GC(1)   Post Evacuate Collection Set: 0.8ms
[2022-03-31T10:33:35.894+0530][gc,phases    ] GC(1)   Other: 15.7ms
[2022-03-31T10:33:35.894+0530][gc,heap      ] GC(1) Eden regions: 21->0(24)
[2022-03-31T10:33:35.894+0530][gc,heap      ] GC(1) Survivor regions: 4->1(4)
[2022-03-31T10:33:35.894+0530][gc,heap      ] GC(1) Old regions: 6->10
[2022-03-31T10:33:35.894+0530][gc,heap      ] GC(1) Humongous regions: 0->0
[2022-03-31T10:33:35.894+0530][gc,metaspace ] GC(1) Metaspace: 9410K->9410K(1058816K)
[2022-03-31T10:33:35.894+0530][gc           ] GC(1) Pause Young (Normal) (G1 Evacuation Pause) 28M->8M(512M) 45.216ms
[2022-03-31T10:33:35.894+0530][gc,cpu       ] GC(1) User=0.12s Sys=0.00s Real=0.04s
[2022-03-31T14:45:08.006+0530][gc,heap,exit ] Heap
[2022-03-31T14:45:08.014+0530][gc,heap,exit ]  garbage-first heap   total 524288K, used 22898K [0x00000000e0000000, 0x0000000100000000)
[2022-03-31T14:45:08.014+0530][gc,heap,exit ]   region size 1024K, 16 young (16384K), 1 survivors (1024K)
[2022-03-31T14:45:08.014+0530][gc,heap,exit ]  Metaspace       used 9418K, capacity 9772K, committed 10240K, reserved 1058816K
[2022-03-31T14:45:08.014+0530][gc,heap,exit ]   class space    used 992K, capacity 1157K, committed 1280K, reserved 1048576K
