[2022-03-30T13:56:05.792+0530][gc,heap] Heap region size: 1M
[2022-03-30T13:56:05.804+0530][gc     ] Using G1
[2022-03-30T13:56:05.804+0530][gc,heap,coops] Heap address: 0x00000000e0000000, size: 512 MB, Compressed Oops mode: 32-bit
[2022-03-30T13:56:05.805+0530][gc,cds       ] Mark closed archive regions in map: [0x00000000fff00000, 0x00000000fff6aff8]
[2022-03-30T13:56:05.805+0530][gc,cds       ] Mark open archive regions in map: [0x00000000ffe00000, 0x00000000ffe46ff8]
[2022-03-30T13:56:06.474+0530][gc,heap,exit ] Heap
[2022-03-30T13:56:06.475+0530][gc,heap,exit ]  garbage-first heap   total 524288K, used 23240K [0x00000000e0000000, 0x0000000100000000)
[2022-03-30T13:56:06.475+0530][gc,heap,exit ]   region size 1024K, 23 young (23552K), 0 survivors (0K)
[2022-03-30T13:56:06.475+0530][gc,heap,exit ]  Metaspace       used 7242K, capacity 7552K, committed 7680K, reserved 1056768K
[2022-03-30T13:56:06.475+0530][gc,heap,exit ]   class space    used 823K, capacity 927K, committed 1024K, reserved 1048576K
